#
# Makefile for building the ir reference files
#

system := $(shell uname -s)
system := $(shell echo $(system) | grep MINGW > /dev/null && echo MINGW || echo $(system))
ifeq ($(system), MINGW)
 FAUST ?= ../../build/bin/faust.exe
 COMPARE := ./filesCompare.exe
else
 FAUST ?= ../../build/bin/faust
 COMPARE := ./filesCompare
endif
MAKE ?= make

refdir := reference
GCCOPTIONS := -O3 -I../../architecture -Iarchs -pthread -std=c++11
lang ?= cpp
arch ?= ./archs/impulsearch.cpp
FAUSTOPTIONS := -lang $(lang) -double -i -a $(arch)

.PHONY: test reference

dspfiles := $(wildcard dsp/*.dsp)
reffiles := $(patsubst dsp/%.dsp, $(refdir)/%.ir, $(dspfiles))

sigfiles := $(patsubst dsp/%.dsp, $(refdir)/%.sig, $(dspfiles))
boxfiles := $(patsubst dsp/%.dsp, $(refdir)/%.box, $(dspfiles))

listintermediate = $(dspfiles:dsp/%.dsp=$1/%) $(dspfiles:dsp/%.dsp=$1/%.cpp) $(dspfiles:dsp/%.dsp=$1/vec/%) $(dspfiles:dsp/%.dsp=$1/vec/%.cpp) $(dspfiles:dsp/%.dsp=$1/sched/%) $(dspfiles:dsp/%.dsp=$1/sched/%.cpp) 

.INTERMEDIATE: $(call listintermediate, $(refdir))

TOOLSOPTIONS := -std=c++11 -O3 -I../../architecture
LIB    ?= ../../build/lib/libfaust.a
SRCDIR := tools

#########################################################################
# building reference files
reference: filesCompare $(refdir)/vec $(refdir)/sched $(reffiles) 

reference-box: $(boxfiles) 

reference-signal: $(sigfiles) 	

help:
	@echo "-------- FAUST impulse tests --------"
	@echo "Available targets are:"
	@echo " 'reference' (default): compiles all the dsp found in the dsp folder"
	@echo "             using the $(arch) architecture in scalar, vec and sched modes,"
	@echo "             then launch the output application to generate impulse response files,"
	@echo "             which are then checked against each other using filesCompare"

test:
	@echo $(call listintermediate, $(refdir))

#########################################################################
# output directories
$(refdir)/vec:
	mkdir -p $(refdir)/vec
$(refdir)/sched:
	mkdir -p $(refdir)/sched

#########################################################################
# tools
filesCompare: $(SRCDIR)/filesCompare.cpp
	$(MAKE) filesCompare

#########################################################################
# rules for reference-box
$(refdir)/%.box: dsp/%.dsp
	$(FAUST) $(FAUSTOPTIONS) -e $< -o $@ ; echo $<
	
# rules for reference-signal
$(refdir)/%.sig: dsp/%.dsp
	$(FAUST) $(FAUSTOPTIONS) -norm1 $<  > $@ ; echo $<

# rules for reference
$(refdir)/%.ir: dsp/% $(refdir)/vec/%.ir $(refdir)/sched/%.ir dsp/%.dsp dsp/%.cpp 
	@[ -d $(@D) ] || mkdir -p $(@D)
	$< -n 60000 > $@
	$(COMPARE) $@ $(refdir)/vec/$(notdir $@) 
	#$(COMPARE) $@ $(refdir)/sched/$(notdir $@) 1e-02

$(refdir)/vec/%.ir: dsp/vec/% dsp/%.dsp dsp/vec/%.cpp
	@[ -d $(@D) ] || mkdir -p $(@D)
	$< -n 60000 > $@

$(refdir)/sched/%.ir: dsp/sched/% dsp/%.dsp dsp/sched/%.cpp
	@[ -d $(@D) ] || mkdir -p $(@D)
	$< -n 60000 > $@

# Specific rule to test 'enable/control' primitives that currently only work in scalar mode
dsp/osc_enable.cpp : dsp/osc_enable.dsp
	$(FAUST) -lang cpp -double -i -a $(arch) $<  -o $@

dsp/%.cpp : dsp/%.dsp
	$(FAUST) -double -i -a $(arch) $<  -o $@

# Specific rule to test 'enable/control' primitives that currently only work in scalar mode
dsp/vec/osc_enable.cpp : dsp/osc_enable.dsp
	$(FAUST) -lang cpp -double -i -a $(arch) $<  -o $@

dsp/vec/%.cpp : dsp/%.dsp
	@[ -d $(@D) ] || mkdir -p $(@D)
	$(FAUST) -double -vec -i -a $(arch) $<  -o $@

# Specific rule to test 'enable/control' primitives that currently only work in scalar mode
dsp/sched/osc_enable.cpp : dsp/osc_enable.dsp
	@[ -d $(@D) ] || mkdir -p $(@D)
	$(FAUST) -lang ocpp -double -i -a $(arch) $<  -o $@
	
# Specific rule to test 'soundfile' primitive that does not work yet in sch mode
dsp/sched/sound.cpp : dsp/sound.dsp
	@[ -d $(@D) ] || mkdir -p $(@D)
	$(FAUST) -double -i -a $(arch) $<  -o $@

# Specific rule to test the use of 'bs' that does not work yet in sch mode
dsp/sched/bs.cpp : dsp/bs.dsp
	@[ -d $(@D) ] || mkdir -p $(@D)
	$(FAUST) -double -i -a $(arch) $<  -o $@

dsp/sched/%.cpp : dsp/%.dsp
	@[ -d $(@D) ] || mkdir -p $(@D)
	$(FAUST) -double -sch -i -a $(arch) $<  -o $@

dsp/% : dsp/%.cpp
	$(CXX) $(GCCOPTIONS) $<  -o $@
	
dsp/vec/% : dsp/vec/%.cpp
	$(CXX) $(GCCOPTIONS) $<  -o $@
	
dsp/sched/% : dsp/sched/%.cpp
	$(CXX) $(GCCOPTIONS) $<  -o $@


