Archive member included to satisfy reference by file (symbol)

esp-idf/soc/libsoc.a(dport_access.c.obj)
                              (esp_dport_access_reg_read)
esp-idf/bootloader_support/libbootloader_support.a(bootloader_panic.c.obj)
                              (__assert_func)
esp-idf/main/libmain.a(bootloader_start.c.obj)
                              (call_start_cpu0)
esp-idf/bootloader_support/libbootloader_support.a(bootloader_utility.c.obj)
                              esp-idf/main/libmain.a(bootloader_start.c.obj) (bootloader_utility_load_partition_table)
esp-idf/bootloader_support/libbootloader_support.a(flash_partitions.c.obj)
                              esp-idf/bootloader_support/libbootloader_support.a(bootloader_utility.c.obj) (esp_partition_table_verify)
esp-idf/bootloader_support/libbootloader_support.a(esp_image_format.c.obj)
                              esp-idf/bootloader_support/libbootloader_support.a(bootloader_utility.c.obj) (bootloader_load_image)
esp-idf/bootloader_support/libbootloader_support.a(bootloader_console_loader.c.obj)
                              esp-idf/bootloader_support/libbootloader_support.a(bootloader_utility.c.obj) (bootloader_console_deinit)
esp-idf/bootloader_support/libbootloader_support.a(bootloader_sha.c.obj)
                              esp-idf/bootloader_support/libbootloader_support.a(bootloader_utility.c.obj) (bootloader_sha256_start)
esp-idf/bootloader_support/libbootloader_support.a(bootloader_soc.c.obj)
                              esp-idf/bootloader_support/libbootloader_support.a(bootloader_utility.c.obj) (bootloader_ana_clock_glitch_reset_config)
esp-idf/bootloader_support/libbootloader_support.a(bootloader_esp32.c.obj)
                              esp-idf/main/libmain.a(bootloader_start.c.obj) (bootloader_init)
esp-idf/bootloader_support/libbootloader_support.a(bootloader_common.c.obj)
                              esp-idf/bootloader_support/libbootloader_support.a(bootloader_esp32.c.obj) (bootloader_common_vddsdio_configure)
esp-idf/bootloader_support/libbootloader_support.a(bootloader_common_loader.c.obj)
                              esp-idf/bootloader_support/libbootloader_support.a(bootloader_utility.c.obj) (bootloader_common_ota_select_crc)
esp-idf/bootloader_support/libbootloader_support.a(bootloader_clock_init.c.obj)
                              esp-idf/bootloader_support/libbootloader_support.a(bootloader_esp32.c.obj) (bootloader_clock_configure)
esp-idf/bootloader_support/libbootloader_support.a(bootloader_mem.c.obj)
                              esp-idf/bootloader_support/libbootloader_support.a(bootloader_esp32.c.obj) (bootloader_init_mem)
esp-idf/bootloader_support/libbootloader_support.a(bootloader_random.c.obj)
                              esp-idf/bootloader_support/libbootloader_support.a(esp_image_format.c.obj) (bootloader_fill_random)
esp-idf/bootloader_support/libbootloader_support.a(bootloader_random_esp32.c.obj)
                              esp-idf/bootloader_support/libbootloader_support.a(bootloader_utility.c.obj) (bootloader_random_disable)
esp-idf/bootloader_support/libbootloader_support.a(bootloader_efuse.c.obj)
                              esp-idf/bootloader_support/libbootloader_support.a(bootloader_esp32.c.obj) (bootloader_clock_get_rated_freq_mhz)
esp-idf/bootloader_support/libbootloader_support.a(flash_encrypt.c.obj)
                              esp-idf/bootloader_support/libbootloader_support.a(bootloader_utility.c.obj) (esp_flash_encryption_enabled)
esp-idf/bootloader_support/libbootloader_support.a(bootloader_flash.c.obj)
                              esp-idf/bootloader_support/libbootloader_support.a(bootloader_utility.c.obj) (bootloader_mmap_get_free_pages)
esp-idf/bootloader_support/libbootloader_support.a(bootloader_flash_config_esp32.c.obj)
                              esp-idf/bootloader_support/libbootloader_support.a(bootloader_esp32.c.obj) (bootloader_flash_update_id)
esp-idf/bootloader_support/libbootloader_support.a(bootloader_init.c.obj)
                              esp-idf/bootloader_support/libbootloader_support.a(bootloader_esp32.c.obj) (bootloader_clear_bss_section)
esp-idf/bootloader_support/libbootloader_support.a(bootloader_console.c.obj)
                              esp-idf/bootloader_support/libbootloader_support.a(bootloader_esp32.c.obj) (bootloader_console_init)
esp-idf/efuse/libefuse.a(esp_efuse_table.c.obj)
                              esp-idf/bootloader_support/libbootloader_support.a(flash_encrypt.c.obj) (ESP_EFUSE_DISABLE_DL_CACHE)
esp-idf/efuse/libefuse.a(esp_efuse_fields.c.obj)
                              esp-idf/bootloader_support/libbootloader_support.a(flash_encrypt.c.obj) (esp_efuse_disable_rom_download_mode)
esp-idf/efuse/libefuse.a(esp_efuse_api.c.obj)
                              esp-idf/bootloader_support/libbootloader_support.a(flash_encrypt.c.obj) (esp_efuse_read_field_blob)
esp-idf/efuse/libefuse.a(esp_efuse_utility.c.obj)
[...]
Memory Configuration

Name             Origin             Length             Attributes
iram_loader_seg  0x0000000040078000 0x0000000000008000 xrw
iram_seg         0x0000000040080400 0x000000000000fc00 xrw
dram_seg         0x000000003fff0000 0x0000000000006000 rw
*default*        0x0000000000000000 0xffffffffffffffff

Linker script and memory map

LOAD /Users/anantrohmetra/.espressif/tools/xtensa-esp32-elf/esp-12.2.0_20230208/xtensa-esp32-elf/bin/../lib/gcc/xtensa-esp32-elf/12.2.0/../../../../xtensa-esp32-elf/lib/no-rtti/crt0.o
LOAD /Users/anantrohmetra/.espressif/tools/xtensa-esp32-elf/esp-12.2.0_20230208/xtensa-esp32-elf/bin/../lib/gcc/xtensa-esp32-elf/12.2.0/no-rtti/crti.o
LOAD /Users/anantrohmetra/.espressif/tools/xtensa-esp32-elf/esp-12.2.0_20230208/xtensa-esp32-elf/bin/../lib/gcc/xtensa-esp32-elf/12.2.0/no-rtti/crtbegin.o
                0x0000000000000000                IDF_TARGET_ESP32 = 0x0
LOAD CMakeFiles/bootloader.elf.dir/project_elf_src_esp32.c.obj
LOAD esp-idf/xtensa/libxtensa.a
LOAD esp-idf/soc/libsoc.a
LOAD esp-idf/micro-ecc/libmicro-ecc.a
LOAD esp-idf/hal/libhal.a
LOAD esp-idf/spi_flash/libspi_flash.a
LOAD esp-idf/esp_app_format/libesp_app_format.a
LOAD esp-idf/bootloader_support/libbootloader_support.a
LOAD esp-idf/efuse/libefuse.a
LOAD esp-idf/esp_system/libesp_system.a
LOAD esp-idf/esp_hw_support/libesp_hw_support.a
LOAD esp-idf/esp_common/libesp_common.a
LOAD esp-idf/esp_rom/libesp_rom.a
LOAD esp-idf/log/liblog.a
LOAD esp-idf/main/libmain.a
LOAD esp-idf/xtensa/libxtensa.a
LOAD esp-idf/soc/libsoc.a
LOAD esp-idf/micro-ecc/libmicro-ecc.a
LOAD esp-idf/hal/libhal.a
LOAD esp-idf/spi_flash/libspi_flash.a
LOAD esp-idf/esp_app_format/libesp_app_format.a
LOAD esp-idf/bootloader_support/libbootloader_support.a
LOAD esp-idf/efuse/libefuse.a
LOAD esp-idf/esp_system/libesp_system.a
LOAD esp-idf/esp_hw_support/libesp_hw_support.a
LOAD esp-idf/esp_common/libesp_common.a
LOAD esp-idf/esp_rom/libesp_rom.a
LOAD esp-idf/log/liblog.a
LOAD esp-idf/xtensa/libxtensa.a
LOAD esp-idf/soc/libsoc.a
LOAD esp-idf/micro-ecc/libmicro-ecc.a
LOAD esp-idf/hal/libhal.a
LOAD esp-idf/spi_flash/libspi_flash.a
LOAD esp-idf/esp_app_format/libesp_app_format.a
LOAD esp-idf/bootloader_support/libbootloader_support.a
LOAD esp-idf/efuse/libefuse.a
LOAD esp-idf/esp_system/libesp_system.a
LOAD esp-idf/esp_hw_support/libesp_hw_support.a
LOAD esp-idf/esp_common/libesp_common.a
LOAD esp-idf/esp_rom/libesp_rom.a
LOAD esp-idf/log/liblog.a
LOAD esp-idf/xtensa/libxtensa.a
LOAD esp-idf/soc/libsoc.a
LOAD esp-idf/micro-ecc/libmicro-ecc.a
LOAD esp-idf/hal/libhal.a
LOAD esp-idf/spi_flash/libspi_flash.a
LOAD esp-idf/esp_app_format/libesp_app_format.a
LOAD esp-idf/bootloader_support/libbootloader_support.a
LOAD esp-idf/efuse/libefuse.a
LOAD esp-idf/esp_system/libesp_system.a
LOAD esp-idf/esp_hw_support/libesp_hw_support.a
LOAD esp-idf/esp_common/libesp_common.a
LOAD esp-idf/esp_rom/libesp_rom.a
LOAD esp-idf/log/liblog.a
LOAD esp-idf/xtensa/libxtensa.a
LOAD esp-idf/soc/libsoc.a
LOAD esp-idf/micro-ecc/libmicro-ecc.a
LOAD esp-idf/hal/libhal.a
LOAD esp-idf/spi_flash/libspi_flash.a
LOAD esp-idf/esp_app_format/libesp_app_format.a
LOAD esp-idf/bootloader_support/libbootloader_support.a
LOAD esp-idf/efuse/libefuse.a
LOAD esp-idf/esp_system/libesp_system.a
LOAD esp-idf/esp_hw_support/libesp_hw_support.a
LOAD esp-idf/esp_common/libesp_common.a
LOAD esp-idf/esp_rom/libesp_rom.a
LOAD esp-idf/log/liblog.a
LOAD /Users/anantrohmetra/esp/v5.1.6/esp-idf/components/xtensa/esp32/libxt_hal.a
LOAD /Users/anantrohmetra/.espressif/tools/xtensa-esp32-elf/esp-12.2.0_20230208/xtensa-esp32-elf/bin/../lib/gcc/xtensa-esp32-elf/12.2.0/no-rtti/libgcc.a
LOAD /Users/anantrohmetra/.espressif/tools/xtensa-esp32-elf/esp-12.2.0_20230208/xtensa-esp32-elf/bin/../lib/gcc/xtensa-esp32-elf/12.2.0/../../../../xtensa-esp32-elf/lib/no-rtti/libc.a
LOAD /Users/anantrohmetra/.espressif/tools/xtensa-esp32-elf/esp-12.2.0_20230208/xtensa-esp32-elf/bin/../lib/gcc/xtensa-esp32-elf/12.2.0/../../../../xtensa-esp32-elf/lib/no-rtti/libnosys.a
LOAD /Users/anantrohmetra/.espressif/tools/xtensa-esp32-elf/esp-12.2.0_20230208/xtensa-esp32-elf/bin/../lib/gcc/xtensa-esp32-elf/12.2.0/../../../../xtensa-esp32-elf/lib/no-rtti/libc.a
LOAD /Users/anantrohmetra/.espressif/tools/xtensa-esp32-elf/esp-12.2.0_20230208/xtensa-esp32-elf/bin/../lib/gcc/xtensa-esp32-elf/12.2.0/no-rtti/libgcc.a
LOAD /Users/anantrohmetra/.espressif/tools/xtensa-esp32-elf/esp-12.2.0_20230208/xtensa-esp32-elf/bin/../lib/gcc/xtensa-esp32-elf/12.2.0/no-rtti/crtend.o
LOAD /Users/anantrohmetra/.espressif/tools/xtensa-esp32-elf/esp-12.2.0_20230208/xtensa-esp32-elf/bin/../lib/gcc/xtensa-esp32-elf/12.2.0/no-rtti/crtn.o
                [!provide]                        PROVIDE (Add2SelfBigHex256 = 0x40015b7c)
                [!provide]                        PROVIDE (AddBigHex256 = 0x40015b28)
                [!provide]                        PROVIDE (AddBigHexModP256 = 0x40015c98)
                [!provide]                        PROVIDE (AddP256 = 0x40015c74)
                [!provide]                        PROVIDE (AddPdiv2_256 = 0x40015ce0)
                [!provide]                        PROVIDE (app_gpio_arg = 0x3ffe003c)
                [!provide]                        PROVIDE (app_gpio_handler = 0x3ffe0040)
                [!provide]                        PROVIDE (BasePoint_x_256 = 0x3ff97488)
                [!provide]                        PROVIDE (BasePoint_y_256 = 0x3ff97468)
                [!provide]                        PROVIDE (bigHexInversion256 = 0x400168f0)
                [!provide]                        PROVIDE (bigHexP256 = 0x3ff973bc)
                [!provide]                        PROVIDE (btdm_r_ble_bt_handler_tab_p_get = 0x40019b0c)
                [!provide]                        PROVIDE (btdm_r_btdm_option_data_p_get = 0x40010004)
                [!provide]                        PROVIDE (btdm_r_btdm_rom_version_get = 0x40010078)
                [!provide]                        PROVIDE (btdm_r_data_init = 0x4001002c)
                [!provide]                        PROVIDE (btdm_r_import_rf_phy_func_p_get = 0x40054298)
                [!provide]                        PROVIDE (btdm_r_ip_func_p_get = 0x40019af0)
                [!provide]                        PROVIDE (btdm_r_ip_func_p_set = 0x40019afc)
                [!provide]                        PROVIDE (btdm_r_modules_func_p_get = 0x4005427c)
                [!provide]                        PROVIDE (btdm_r_modules_func_p_set = 0x40054270)
                [!provide]                        PROVIDE (btdm_r_plf_func_p_set = 0x40054288)
                [!provide]                        PROVIDE (bt_util_buf_env = 0x3ffb8bd4)
                0x00000000400095e0                PROVIDE (cache_flash_mmu_set_rom = 0x400095e0)
                0x0000000040009a14                PROVIDE (Cache_Flush_rom = 0x40009a14)
                0x0000000040009ab8                PROVIDE (Cache_Read_Disable_rom = 0x40009ab8)
                0x0000000040009a84                PROVIDE (Cache_Read_Enable_rom = 0x40009a84)
                [!provide]                        PROVIDE (Cache_Read_Init_rom = 0x40009950)
                [!provide]                        PROVIDE (cache_sram_mmu_set_rom = 0x400097f4)
                [!provide]                        PROVIDE (calc_rtc_memory_crc = 0x40008170)
                [!provide]                        PROVIDE (__clear_cache = 0x40063860)
                [!provide]                        PROVIDE (co_default_bdaddr = 0x3ffae704)
                [!provide]                        PROVIDE (co_null_bdaddr = 0x3ffb80e0)
                [!provide]                        PROVIDE (co_sca2ppm = 0x3ff971e8)
                [!provide]                        PROVIDE (crc16_be = 0x4005d09c)
                [!provide]                        PROVIDE (crc16_le = 0x4005d05c)
                [!provide]                        PROVIDE (crc32_be = 0x4005d024)
                0x000000004005cfec                PROVIDE (crc32_le = 0x4005cfec)
                [!provide]                        PROVIDE (crc8_be = 0x4005d114)
                [!provide]                        PROVIDE (crc8_le = 0x4005d0e0)
                [!provide]                        PROVIDE (_data_end_rom = 0x4000d5c8)
                [!provide]                        PROVIDE (_data_end_btdm_rom = 0x4000d4f8)
                [!provide]                        PROVIDE (_data_start_rom = 0x4000d4f8)
                [!provide]                        PROVIDE (_data_start_btdm_rom = 0x4000d4f4)
                [!provide]                        PROVIDE (_data_start_btdm = 0x3ffae6e0)
                [!provide]                        PROVIDE (_data_end_btdm = 0x3ffaff10)
                [!provide]                        PROVIDE (_bss_start_btdm = 0x3ffb8000)
                [!provide]                        PROVIDE (_bss_end_btdm = 0x3ffbff70)
                [!provide]                        PROVIDE (dbg_default_handler = 0x3ff97218)
                [!provide]                        PROVIDE (dbg_default_state = 0x3ff97220)
                [!provide]                        PROVIDE (dbg_state = 0x3ffb8d5d)
                [!provide]                        PROVIDE (DebugE256PublicKey_x = 0x3ff97428)
                [!provide]                        PROVIDE (DebugE256PublicKey_y = 0x3ff97408)
                [!provide]                        PROVIDE (DebugE256SecretKey = 0x3ff973e8)
                [!provide]                        PROVIDE (debug_timer = 0x3ffe042c)
                [!provide]                        PROVIDE (debug_timerfn = 0x3ffe0430)
                [!provide]                        PROVIDE (dh_group14_generator = 0x3ff9ac60)
                [!provide]                        PROVIDE (dh_group14_prime = 0x3ff9ab60)
                [!provide]                        PROVIDE (dh_group15_generator = 0x3ff9ab5f)
                [!provide]                        PROVIDE (dh_group15_prime = 0x3ff9a9df)
                [!provide]                        PROVIDE (dh_group16_generator = 0x3ff9a9de)
                [!provide]                        PROVIDE (dh_group16_prime = 0x3ff9a7de)
                [!provide]                        PROVIDE (dh_group17_generator = 0x3ff9a7dd)
                [!provide]                        PROVIDE (dh_group17_prime = 0x3ff9a4dd)
                [!provide]                        PROVIDE (dh_group18_generator = 0x3ff9a4dc)
                [!provide]                        PROVIDE (dh_group18_prime = 0x3ff9a0dc)
                [!provide]                        PROVIDE (dh_group1_generator = 0x3ff9ae03)
                [!provide]                        PROVIDE (dh_group1_prime = 0x3ff9ada3)
                [!provide]                        PROVIDE (dh_group2_generator = 0x3ff9ada2)
                [!provide]                        PROVIDE (dh_group2_prime = 0x3ff9ad22)
                [!provide]                        PROVIDE (dh_group5_generator = 0x3ff9ad21)
                [!provide]                        PROVIDE (dh_group5_prime = 0x3ff9ac61)
                0x000000003ffae290                PROVIDE (g_rom_spiflash_dummy_len_plus = 0x3ffae290)
                [!provide]                        PROVIDE (ecc_env = 0x3ffb8d60)
                [!provide]                        PROVIDE (ecc_Jacobian_InfinityPoint256 = 0x3ff972e8)
                [!provide]                        PROVIDE (em_buf_env = 0x3ffb8d74)
                [!provide]                        PROVIDE (esp_crc8 = 0x4005d144)
                [!provide]                        PROVIDE (_etext = 0x4000d66c)
                [!provide]                        PROVIDE (ets_readySet_ = 0x3ffe01f0)
                [!provide]                        PROVIDE (ets_startup_callback = 0x3ffe0404)
                [!provide]                        PROVIDE (rwip_coex_cfg = 0x3ff9914c)
                [!provide]                        PROVIDE (rwip_priority = 0x3ff99159)
                [!provide]                        PROVIDE (exc_cause_table = 0x3ff991d0)
                [!provide]                        PROVIDE (GF_Jacobian_Point_Addition256 = 0x400163a4)
                [!provide]                        PROVIDE (GF_Jacobian_Point_Double256 = 0x40016260)
                [!provide]                        PROVIDE (GF_Point_Jacobian_To_Affine256 = 0x40016b0c)
                [!provide]                        PROVIDE (g_phyFuns_instance = 0x3ffae0c4)
                0x000000003ffae270                PROVIDE (g_rom_flashchip = 0x3ffae270)
                [!provide]                        PROVIDE (gTxMsg = 0x3ffe0050)
                [!provide]                        PROVIDE (hci_cmd_desc_root_tab = 0x3ff976d4)
                [!provide]                        PROVIDE (hci_cmd_desc_tab_ctrl_bb = 0x3ff97b70)
                [!provide]                        PROVIDE (hci_cmd_desc_tab_info_par = 0x3ff97b1c)
                [!provide]                        PROVIDE (hci_cmd_desc_tab_le = 0x3ff97870)
                [!provide]                        PROVIDE (hci_cmd_desc_tab_lk_ctrl = 0x3ff97fc0)
                [!provide]                        PROVIDE (hci_cmd_desc_tab_lk_pol = 0x3ff97f3c)
                [!provide]                        PROVIDE (hci_cmd_desc_tab_stat_par = 0x3ff97ac8)
                [!provide]                        PROVIDE (hci_cmd_desc_tab_testing = 0x3ff97a98)
                [!provide]                        PROVIDE (hci_cmd_desc_tab_vs = 0x3ff97714)
                [!provide]                        PROVIDE (hci_command_handler = 0x4004c928)
                [!provide]                        PROVIDE (hci_env = 0x3ffb9350)
                [!provide]                        PROVIDE (rwip_env = 0x3ffb8bcc)
                [!provide]                        PROVIDE (hci_evt_dbg_desc_tab = 0x3ff9750c)
                [!provide]                        PROVIDE (hci_evt_desc_tab = 0x3ff9751c)
                [!provide]                        PROVIDE (hci_evt_le_desc_tab = 0x3ff974b4)
                [!provide]                        PROVIDE (hci_fc_env = 0x3ffb9340)
                [!provide]                        PROVIDE (jd_decomp = 0x400613e8)
                [!provide]                        PROVIDE (jd_prepare = 0x40060fa8)
                [!provide]                        PROVIDE (ke_env = 0x3ffb93cc)
                [!provide]                        PROVIDE (ke_handler_search = 0x4001a430)
                [!provide]                        PROVIDE (ke_task_env = 0x3ffb81d4)
                [!provide]                        PROVIDE (ke_event_env = 0x3ffb81a4)
                [!provide]                        PROVIDE (lb_default_handler = 0x3ff982b8)
                [!provide]                        PROVIDE (lb_default_state_tab_p_get = 0x4001c198)
                [!provide]                        PROVIDE (lb_env = 0x3ffb9424)
                [!provide]                        PROVIDE (lb_hci_cmd_handler_tab_p_get = 0x4001c18c)
                [!provide]                        PROVIDE (lb_state = 0x3ffb94e8)
                [!provide]                        PROVIDE (lc_default_handler = 0x3ff98648)
                [!provide]                        PROVIDE (lc_default_state_tab_p_get = 0x4002f494)
                [!provide]                        PROVIDE (lc_env = 0x3ffb94ec)
                [!provide]                        PROVIDE (lc_hci_cmd_handler_tab_p_get = 0x4002f488)
                [!provide]                        PROVIDE (lc_state = 0x3ffb9508)
                [!provide]                        PROVIDE (ld_acl_br_sizes = 0x3ff98a2a)
                [!provide]                        PROVIDE (ld_acl_br_types = 0x3ff98a36)
                [!provide]                        PROVIDE (ld_acl_edr_sizes = 0x3ff98a14)
                [!provide]                        PROVIDE (ld_acl_edr_types = 0x3ff98a22)
                [!provide]                        PROVIDE (ld_env = 0x3ffb9510)
                [!provide]                        PROVIDE (ld_pcm_settings_dft = 0x3ff98a0c)
                [!provide]                        PROVIDE (ld_sched_params = 0x3ffb96c0)
                [!provide]                        PROVIDE (ld_sync_train_channels = 0x3ff98a3c)
                [!provide]                        PROVIDE (llc_default_handler = 0x3ff98b3c)
                [!provide]                        PROVIDE (llc_default_state_tab_p_get = 0x40046058)
                [!provide]                        PROVIDE (llc_env = 0x3ffb96d0)
                [!provide]                        PROVIDE (llc_hci_acl_data_tx_handler = 0x40042398)
                [!provide]                        PROVIDE (llc_hci_cmd_handler_tab_p_get = 0x40042358)
                [!provide]                        PROVIDE (llc_hci_command_handler = 0x40042360)
                [!provide]                        PROVIDE (llcp_pdu_handler_tab_p_get = 0x40043f64)
                [!provide]                        PROVIDE (llc_state = 0x3ffb96f8)
                [!provide]                        PROVIDE (lldesc_build_chain = 0x4000a850)
                [!provide]                        PROVIDE (lldesc_num2link = 0x4000a948)
                [!provide]                        PROVIDE (lldesc_set_owner = 0x4000a974)
                [!provide]                        PROVIDE (lld_evt_deferred_elt_push = 0x400466b4)
                [!provide]                        PROVIDE (lld_evt_deferred_elt_pop = 0x400466dc)
                [!provide]                        PROVIDE (lld_evt_winsize_change = 0x40046730)
                [!provide]                        PROVIDE (lld_evt_rxwin_compute = 0x400467c8)
                [!provide]                        PROVIDE (lld_evt_slave_time_compute = 0x40046818)
                [!provide]                        PROVIDE (lld_evt_env = 0x3ffb9704)
                [!provide]                        PROVIDE (lld_evt_elt_wait_get = 0x400468e4)
                [!provide]                        PROVIDE (lld_evt_get_next_free_slot = 0x4004692c)
                [!provide]                        PROVIDE (lld_pdu_adv_pk_desc_tab = 0x3ff98c70)
                [!provide]                        PROVIDE (lld_pdu_llcp_pk_desc_tab = 0x3ff98b68)
                [!provide]                        PROVIDE (lld_pdu_tx_flush_list = 0x4004a760)
                [!provide]                        PROVIDE (lld_pdu_pack = 0x4004ab14)
                [!provide]                        PROVIDE (LLM_AA_CT1 = 0x3ff98d8a)
                [!provide]                        PROVIDE (LLM_AA_CT2 = 0x3ff98d88)
                [!provide]                        PROVIDE (llm_default_handler = 0x3ff98d80)
                [!provide]                        PROVIDE (llm_default_state_tab_p_get = 0x4004e718)
                [!provide]                        PROVIDE (llm_hci_cmd_handler_tab_p_get = 0x4004c920)
                [!provide]                        PROVIDE (llm_le_env = 0x3ffb976c)
                [!provide]                        PROVIDE (llm_local_cmds = 0x3ff98d38)
                [!provide]                        PROVIDE (llm_local_data_len_values = 0x3ff98d1c)
                [!provide]                        PROVIDE (llm_local_le_feats = 0x3ff98d30)
                [!provide]                        PROVIDE (llm_local_le_states = 0x3ff98d28)
                [!provide]                        PROVIDE (llm_state = 0x3ffb985c)
                [!provide]                        PROVIDE (lm_default_handler = 0x3ff990e0)
                [!provide]                        PROVIDE (lm_default_state_tab_p_get = 0x40054268)
                [!provide]                        PROVIDE (lm_env = 0x3ffb9860)
                [!provide]                        PROVIDE (lm_hci_cmd_handler_tab_p_get = 0x4005425c)
                [!provide]                        PROVIDE (lm_local_supp_feats = 0x3ff990ee)
                [!provide]                        PROVIDE (lm_n_page_tab = 0x3ff990e8)
                [!provide]                        PROVIDE (lmp_desc_tab = 0x3ff96e6c)
                [!provide]                        PROVIDE (lmp_ext_desc_tab = 0x3ff96d9c)
                [!provide]                        PROVIDE (lm_state = 0x3ffb9a1c)
                [!provide]                        PROVIDE (maxSecretKey_256 = 0x3ff97448)
                0x00000000400095a4                PROVIDE (mmu_init = 0x400095a4)
                [!provide]                        PROVIDE (MultiplyBigHexByUint32_256 = 0x40016214)
                [!provide]                        PROVIDE (MultiplyBigHexModP256 = 0x400160b8)
                [!provide]                        PROVIDE (MultiplyByU32ModP256 = 0x40015fdc)
                [!provide]                        PROVIDE (multofup = 0x4000ab8c)
                [!provide]                        PROVIDE (mz_adler32 = 0x4005edbc)
                [!provide]                        PROVIDE (mz_crc32 = 0x4005ee88)
                [!provide]                        PROVIDE (mz_free = 0x4005eed4)
                [!provide]                        PROVIDE (notEqual256 = 0x40015b04)
                [!provide]                        PROVIDE (one_bits = 0x3ff971f8)
                [!provide]                        PROVIDE (phy_get_romfuncs = 0x40004100)
                [!provide]                        PROVIDE (_Pri_4_HandlerAddress = 0x3ffe0648)
                [!provide]                        PROVIDE (_Pri_5_HandlerAddress = 0x3ffe064c)
                [!provide]                        PROVIDE (r_btdm_option_data = 0x3ffae6e0)
                [!provide]                        PROVIDE (r_bt_util_buf_acl_rx_alloc = 0x40010218)
                [!provide]                        PROVIDE (r_bt_util_buf_acl_rx_free = 0x40010234)
                [!provide]                        PROVIDE (r_bt_util_buf_acl_tx_alloc = 0x40010268)
                [!provide]                        PROVIDE (r_bt_util_buf_acl_tx_free = 0x40010280)
                [!provide]                        PROVIDE (r_bt_util_buf_init = 0x400100e4)
                [!provide]                        PROVIDE (r_bt_util_buf_lmp_tx_alloc = 0x400101d0)
                [!provide]                        PROVIDE (r_bt_util_buf_lmp_tx_free = 0x400101ec)
                [!provide]                        PROVIDE (r_bt_util_buf_sync_clear = 0x400103c8)
                [!provide]                        PROVIDE (r_bt_util_buf_sync_init = 0x400102c4)
                [!provide]                        PROVIDE (r_bt_util_buf_sync_rx_alloc = 0x40010468)
                [!provide]                        PROVIDE (r_bt_util_buf_sync_rx_free = 0x4001049c)
                [!provide]                        PROVIDE (r_bt_util_buf_sync_tx_alloc = 0x400103ec)
                [!provide]                        PROVIDE (r_bt_util_buf_sync_tx_free = 0x40010428)
                [!provide]                        PROVIDE (r_co_bdaddr_compare = 0x40014324)
                [!provide]                        PROVIDE (r_co_bytes_to_string = 0x400142e4)
                [!provide]                        PROVIDE (r_co_list_check_size_available = 0x400142c4)
                [!provide]                        PROVIDE (r_co_list_extract = 0x4001404c)
                [!provide]                        PROVIDE (r_co_list_extract_after = 0x40014118)
                [!provide]                        PROVIDE (r_co_list_find = 0x4001419c)
                [!provide]                        PROVIDE (r_co_list_init = 0x40013f14)
                [!provide]                        PROVIDE (r_co_list_insert_after = 0x40014254)
                [!provide]                        PROVIDE (r_co_list_insert_before = 0x40014200)
                [!provide]                        PROVIDE (r_co_list_merge = 0x400141bc)
                [!provide]                        PROVIDE (r_co_list_pool_init = 0x40013f30)
                [!provide]                        PROVIDE (r_co_list_pop_front = 0x40014028)
                [!provide]                        PROVIDE (r_co_list_push_back = 0x40013fb8)
                [!provide]                        PROVIDE (r_co_list_push_front = 0x40013ff4)
                [!provide]                        PROVIDE (r_co_list_size = 0x400142ac)
                [!provide]                        PROVIDE (r_co_nb_good_channels = 0x40014360)
                [!provide]                        PROVIDE (r_co_slot_to_duration = 0x40014348)
                [!provide]                        PROVIDE (r_dbg_init = 0x40014394)
                [!provide]                        PROVIDE (r_dbg_platform_reset_complete = 0x400143d0)
                [!provide]                        PROVIDE (r_dbg_swdiag_init = 0x40014470)
                [!provide]                        PROVIDE (r_dbg_swdiag_read = 0x400144a4)
                [!provide]                        PROVIDE (r_dbg_swdiag_write = 0x400144d0)
                [!provide]                        PROVIDE (r_E1 = 0x400108e8)
                [!provide]                        PROVIDE (r_E21 = 0x40010968)
                [!provide]                        PROVIDE (r_E22 = 0x400109b4)
                [!provide]                        PROVIDE (r_E3 = 0x40010a58)
                [!provide]                        PROVIDE (lm_n192_mod_mul = 0x40011dc0)
                [!provide]                        PROVIDE (lm_n192_mod_add = 0x40011e9c)
                [!provide]                        PROVIDE (lm_n192_mod_sub = 0x40011eec)
                [!provide]                        PROVIDE (r_ea_alarm_clear = 0x40015ab4)
                [!provide]                        PROVIDE (r_ea_alarm_set = 0x40015a10)
                [!provide]                        PROVIDE (r_ea_elt_cancel = 0x400150d0)
                [!provide]                        PROVIDE (r_ea_elt_create = 0x40015264)
                [!provide]                        PROVIDE (r_ea_elt_insert = 0x400152a8)
                [!provide]                        PROVIDE (r_ea_elt_remove = 0x400154f0)
                [!provide]                        PROVIDE (r_ea_finetimer_isr = 0x400155d4)
                [!provide]                        PROVIDE (r_ea_init = 0x40015228)
                [!provide]                        PROVIDE (r_ea_interval_create = 0x4001555c)
                [!provide]                        PROVIDE (r_ea_interval_delete = 0x400155a8)
                [!provide]                        PROVIDE (r_ea_interval_duration_req = 0x4001597c)
                [!provide]                        PROVIDE (r_ea_interval_insert = 0x4001557c)
                [!provide]                        PROVIDE (r_ea_interval_remove = 0x40015590)
                [!provide]                        PROVIDE (ea_conflict_check = 0x40014e9c)
                [!provide]                        PROVIDE (ea_prog_timer = 0x40014f88)
                [!provide]                        PROVIDE (r_ea_offset_req = 0x40015748)
                [!provide]                        PROVIDE (r_ea_sleep_check = 0x40015928)
                [!provide]                        PROVIDE (r_ea_sw_isr = 0x40015724)
                [!provide]                        PROVIDE (r_ea_time_get_halfslot_rounded = 0x40015894)
                [!provide]                        PROVIDE (r_ea_time_get_slot_rounded = 0x400158d4)
                [!provide]                        PROVIDE (r_ecc_abort_key256_generation = 0x40017070)
                [!provide]                        PROVIDE (r_ecc_generate_key256 = 0x40016e00)
                [!provide]                        PROVIDE (r_ecc_gen_new_public_key = 0x400170c0)
                [!provide]                        PROVIDE (r_ecc_gen_new_secret_key = 0x400170e4)
                [!provide]                        PROVIDE (r_ecc_get_debug_Keys = 0x40017224)
                [!provide]                        PROVIDE (r_ecc_init = 0x40016dbc)
                [!provide]                        PROVIDE (ecc_point_multiplication_uint8_256 = 0x40016804)
                [!provide]                        PROVIDE (RecvBuff = 0x3ffe009c)
                [!provide]                        PROVIDE (r_em_buf_init = 0x4001729c)
                [!provide]                        PROVIDE (r_em_buf_rx_buff_addr_get = 0x400173e8)
                [!provide]                        PROVIDE (r_em_buf_rx_free = 0x400173c4)
                [!provide]                        PROVIDE (r_em_buf_tx_buff_addr_get = 0x40017404)
                [!provide]                        PROVIDE (r_em_buf_tx_free = 0x4001741c)
                [!provide]                        PROVIDE (r_F1_256 = 0x400133e4)
                [!provide]                        PROVIDE (r_F2_256 = 0x40013568)
                [!provide]                        PROVIDE (r_F3_256 = 0x40013664)
                [!provide]                        PROVIDE (RFPLL_ICP_TABLE = 0x3ffb8b7c)
                [!provide]                        PROVIDE (r_G_256 = 0x40013470)
                [!provide]                        PROVIDE (r_H3 = 0x40013760)
                [!provide]                        PROVIDE (r_H4 = 0x40013830)
                [!provide]                        PROVIDE (r_h4tl_init = 0x40017878)
                [!provide]                        PROVIDE (r_h4tl_start = 0x40017924)
                [!provide]                        PROVIDE (r_h4tl_stop = 0x40017934)
                [!provide]                        PROVIDE (r_h4tl_write = 0x400178d0)
                [!provide]                        PROVIDE (r_H5 = 0x400138dc)
                [!provide]                        PROVIDE (r_hashConcat = 0x40013a38)
                [!provide]                        PROVIDE (r_hci_acl_tx_data_alloc = 0x4001951c)
                [!provide]                        PROVIDE (r_hci_acl_tx_data_received = 0x40019654)
                [!provide]                        PROVIDE (r_hci_bt_acl_bdaddr_register = 0x40018900)
                [!provide]                        PROVIDE (r_hci_bt_acl_bdaddr_unregister = 0x400189ac)
                [!provide]                        PROVIDE (r_hci_bt_acl_conhdl_register = 0x4001895c)
                [!provide]                        PROVIDE (r_hci_cmd_get_max_param_size = 0x400192d0)
                [!provide]                        PROVIDE (r_hci_cmd_received = 0x400192f8)
                [!provide]                        PROVIDE (r_hci_evt_filter_add = 0x40018a64)
                [!provide]                        PROVIDE (r_hci_evt_mask_set = 0x400189e4)
                [!provide]                        PROVIDE (r_hci_fc_acl_buf_size_set = 0x40017988)
                [!provide]                        PROVIDE (r_hci_fc_acl_en = 0x400179d8)
                [!provide]                        PROVIDE (r_hci_fc_acl_packet_sent = 0x40017a3c)
                [!provide]                        PROVIDE (r_hci_fc_check_host_available_nb_acl_packets = 0x40017aa4)
                [!provide]                        PROVIDE (r_hci_fc_check_host_available_nb_sync_packets = 0x40017ac8)
                [!provide]                        PROVIDE (r_hci_fc_host_nb_acl_pkts_complete = 0x40017a6c)
                [!provide]                        PROVIDE (r_hci_fc_host_nb_sync_pkts_complete = 0x40017a88)
                [!provide]                        PROVIDE (r_hci_fc_init = 0x40017974)
                [!provide]                        PROVIDE (r_hci_fc_sync_buf_size_set = 0x400179b0)
                [!provide]                        PROVIDE (r_hci_fc_sync_en = 0x40017a30)
                [!provide]                        PROVIDE (r_hci_fc_sync_packet_sent = 0x40017a54)
                [!provide]                        PROVIDE (r_hci_init = 0x40018538)
                [!provide]                        PROVIDE (r_hci_look_for_cmd_desc = 0x40018454)
                [!provide]                        PROVIDE (r_hci_look_for_dbg_evt_desc = 0x400184c4)
                [!provide]                        PROVIDE (r_hci_look_for_evt_desc = 0x400184a0)
                [!provide]                        PROVIDE (r_hci_look_for_le_evt_desc = 0x400184e0)
                [!provide]                        PROVIDE (r_hci_reset = 0x4001856c)
                [!provide]                        PROVIDE (r_hci_send_2_host = 0x400185bc)
                [!provide]                        PROVIDE (r_hci_sync_tx_data_alloc = 0x40019754)
                [!provide]                        PROVIDE (r_hci_sync_tx_data_received = 0x400197c0)
                [!provide]                        PROVIDE (r_hci_tl_init = 0x40019290)
                [!provide]                        PROVIDE (r_hci_tl_send = 0x40019228)
                [!provide]                        PROVIDE (r_hci_util_pack = 0x40019874)
                [!provide]                        PROVIDE (r_hci_util_unpack = 0x40019998)
                [!provide]                        PROVIDE (r_hci_voice_settings_get = 0x40018bdc)
                [!provide]                        PROVIDE (r_hci_voice_settings_set = 0x40018be8)
                [!provide]                        PROVIDE (r_HMAC = 0x40013968)
                [!provide]                        PROVIDE (r_import_rf_phy_func = 0x3ffb8354)
                [!provide]                        PROVIDE (r_import_rf_phy_func_p = 0x3ffafd64)
                [!provide]                        PROVIDE (r_ip_funcs = 0x3ffae710)
                [!provide]                        PROVIDE (r_ip_funcs_p = 0x3ffae70c)
                [!provide]                        PROVIDE (r_ke_check_malloc = 0x40019de0)
                [!provide]                        PROVIDE (r_ke_event_callback_set = 0x40019ba8)
                [!provide]                        PROVIDE (r_ke_event_clear = 0x40019c2c)
                [!provide]                        PROVIDE (r_ke_event_flush = 0x40019ccc)
                [!provide]                        PROVIDE (r_ke_event_get = 0x40019c78)
                [!provide]                        PROVIDE (r_ke_event_get_all = 0x40019cc0)
                [!provide]                        PROVIDE (r_ke_event_init = 0x40019b90)
                [!provide]                        PROVIDE (r_ke_event_schedule = 0x40019cdc)
                [!provide]                        PROVIDE (r_ke_event_set = 0x40019be0)
                [!provide]                        PROVIDE (r_ke_flush = 0x4001a374)
                [!provide]                        PROVIDE (r_ke_free = 0x4001a014)
                [!provide]                        PROVIDE (r_ke_get_max_mem_usage = 0x4001a1c8)
                [!provide]                        PROVIDE (r_ke_get_mem_usage = 0x4001a1a0)
                [!provide]                        PROVIDE (r_ke_init = 0x4001a318)
                [!provide]                        PROVIDE (r_ke_is_free = 0x4001a184)
                [!provide]                        PROVIDE (r_ke_malloc = 0x40019eb4)
                [!provide]                        PROVIDE (r_ke_mem_init = 0x40019d3c)
                [!provide]                        PROVIDE (r_ke_mem_is_empty = 0x40019d8c)
                [!provide]                        PROVIDE (r_ke_msg_alloc = 0x4001a1e0)
                [!provide]                        PROVIDE (r_ke_msg_dest_id_get = 0x4001a2e0)
                [!provide]                        PROVIDE (r_ke_msg_discard = 0x4001a850)
                [!provide]                        PROVIDE (r_ke_msg_forward = 0x4001a290)
                [!provide]                        PROVIDE (r_ke_msg_forward_new_id = 0x4001a2ac)
                [!provide]                        PROVIDE (r_ke_msg_free = 0x4001a2cc)
                [!provide]                        PROVIDE (r_ke_msg_in_queue = 0x4001a2f8)
                [!provide]                        PROVIDE (r_ke_msg_save = 0x4001a858)
                [!provide]                        PROVIDE (r_ke_msg_send = 0x4001a234)
                [!provide]                        PROVIDE (r_ke_msg_send_basic = 0x4001a26c)
                [!provide]                        PROVIDE (r_ke_msg_src_id_get = 0x4001a2ec)
                [!provide]                        PROVIDE (r_ke_queue_extract = 0x40055fd0)
                [!provide]                        PROVIDE (r_ke_queue_insert = 0x40056020)
                [!provide]                        PROVIDE (r_ke_sleep_check = 0x4001a3d8)
                [!provide]                        PROVIDE (r_ke_state_get = 0x4001a7d8)
                [!provide]                        PROVIDE (r_ke_state_set = 0x4001a6fc)
                [!provide]                        PROVIDE (r_ke_stats_get = 0x4001a3f0)
                [!provide]                        PROVIDE (r_ke_task_check = 0x4001a8a4)
                [!provide]                        PROVIDE (r_ke_task_create = 0x4001a674)
                [!provide]                        PROVIDE (r_ke_task_delete = 0x4001a6c0)
                [!provide]                        PROVIDE (r_ke_task_init = 0x4001a650)
                [!provide]                        PROVIDE (r_ke_task_msg_flush = 0x4001a860)
                [!provide]                        PROVIDE (r_ke_timer_active = 0x4001ac08)
                [!provide]                        PROVIDE (r_ke_timer_adjust_all = 0x4001ac30)
                [!provide]                        PROVIDE (r_ke_timer_clear = 0x4001ab90)
                [!provide]                        PROVIDE (r_ke_timer_init = 0x4001aa9c)
                [!provide]                        PROVIDE (r_ke_timer_set = 0x4001aac0)
                [!provide]                        PROVIDE (r_ke_timer_sleep_check = 0x4001ac50)
                [!provide]                        PROVIDE (r_KPrimC = 0x40010ad4)
                [!provide]                        PROVIDE (r_lb_clk_adj_activate = 0x4001ae70)
                [!provide]                        PROVIDE (r_lb_clk_adj_id_get = 0x4001af14)
                [!provide]                        PROVIDE (r_lb_clk_adj_period_update = 0x4001af20)
                [!provide]                        PROVIDE (r_lb_init = 0x4001acd4)
                [!provide]                        PROVIDE (r_lb_mst_key = 0x4001afc0)
                [!provide]                        PROVIDE (r_lb_mst_key_cmp = 0x4001af74)
                [!provide]                        PROVIDE (r_lb_mst_key_restart_enc = 0x4001b0d4)
                [!provide]                        PROVIDE (r_lb_mst_start_act_bcst_enc = 0x4001b198)
                [!provide]                        PROVIDE (r_lb_mst_stop_act_bcst_enc = 0x4001b24c)
                [!provide]                        PROVIDE (r_lb_reset = 0x4001ad38)
                [!provide]                        PROVIDE (r_lb_send_lmp = 0x4001adbc)
                [!provide]                        PROVIDE (r_lb_send_pdu_clk_adj = 0x4001af3c)
                [!provide]                        PROVIDE (r_lb_util_get_csb_mode = 0x4001ada4)
                [!provide]                        PROVIDE (r_lb_util_get_nb_broadcast = 0x4001ad80)
                [!provide]                        PROVIDE (r_lb_util_get_res_lt_addr = 0x4001ad98)
                [!provide]                        PROVIDE (r_lb_util_set_nb_broadcast = 0x4001ad8c)
                [!provide]                        PROVIDE (r_lc_afh_set = 0x4001cc74)
                [!provide]                        PROVIDE (r_lc_afh_start = 0x4001d240)
                [!provide]                        PROVIDE (r_lc_auth_cmp = 0x4001cd54)
                [!provide]                        PROVIDE (r_lc_calc_link_key = 0x4001ce7c)
                [!provide]                        PROVIDE (r_lc_chg_pkt_type_cmp = 0x4001d038)
                [!provide]                        PROVIDE (r_lc_chg_pkt_type_cont = 0x4001cfbc)
                [!provide]                        PROVIDE (r_lc_chg_pkt_type_retry = 0x4001d0ac)
                [!provide]                        PROVIDE (r_lc_chk_to = 0x4001d2a8)
                [!provide]                        PROVIDE (r_lc_cmd_stat_send = 0x4001c914)
                [!provide]                        PROVIDE (r_lc_comb_key_svr = 0x4001d30c)
                [!provide]                        PROVIDE (r_lc_con_cmp = 0x4001d44c)
                [!provide]                        PROVIDE (r_lc_con_cmp_evt_send = 0x4001d4fc)
                [!provide]                        PROVIDE (r_lc_conn_seq_done = 0x40021334)
                [!provide]                        PROVIDE (r_lc_detach = 0x4002037c)
                [!provide]                        PROVIDE (r_lc_dhkey = 0x4001d564)
                [!provide]                        PROVIDE (r_lc_enc_cmp = 0x4001d8bc)
                [!provide]                        PROVIDE (r_lc_enc_key_refresh = 0x4001d720)
                [!provide]                        PROVIDE (r_lc_end_chk_colli = 0x4001d858)
                [!provide]                        PROVIDE (r_lc_end_of_sniff_nego = 0x4001d9a4)
                [!provide]                        PROVIDE (r_lc_enter_sniff_mode = 0x4001ddb8)
                [!provide]                        PROVIDE (r_lc_epr_change_lk = 0x4001db38)
                [!provide]                        PROVIDE (r_lc_epr_cmp = 0x4001da88)
                [!provide]                        PROVIDE (r_lc_epr_resp = 0x4001e0b4)
                [!provide]                        PROVIDE (r_lc_epr_rsw_cmp = 0x4001dd40)
                [!provide]                        PROVIDE (r_lc_ext_feat = 0x40020d6c)
                [!provide]                        PROVIDE (r_lc_feat = 0x40020984)
                [!provide]                        PROVIDE (r_lc_hl_connect = 0x400209e8)
                [!provide]                        PROVIDE (r_lc_init = 0x4001c948)
                [!provide]                        PROVIDE (r_lc_init_calc_f3 = 0x4001deb0)
                [!provide]                        PROVIDE (r_lc_initiator_epr = 0x4001e064)
                [!provide]                        PROVIDE (r_lc_init_passkey_loop = 0x4001dfc0)
                [!provide]                        PROVIDE (r_lc_init_start_mutual_auth = 0x4001df60)
                [!provide]                        PROVIDE (r_lc_key_exch_end = 0x4001e140)
                [!provide]                        PROVIDE (r_lc_legacy_pair = 0x4001e1c0)
                [!provide]                        PROVIDE (r_lc_local_switch = 0x4001e22c)
                [!provide]                        PROVIDE (r_lc_local_trans_mode = 0x4001e2e4)
                [!provide]                        PROVIDE (r_lc_local_untrans_mode = 0x4001e3a0)
                [!provide]                        PROVIDE (r_lc_loc_auth = 0x40020ecc)
                [!provide]                        PROVIDE (r_lc_locepr_lkref = 0x4001d648)
                [!provide]                        PROVIDE (r_lc_locepr_rsw = 0x4001d5d0)
                [!provide]                        PROVIDE (r_lc_loc_sniff = 0x40020a6c)
                [!provide]                        PROVIDE (r_lc_max_slot_mgt = 0x4001e410)
                [!provide]                        PROVIDE (r_lc_mst_key = 0x4001e7c0)
                [!provide]                        PROVIDE (r_lc_mst_qos_done = 0x4001ea80)
                [!provide]                        PROVIDE (r_lc_mst_send_mst_key = 0x4001e8f4)
                [!provide]                        PROVIDE (r_lc_mutual_auth_end = 0x4001e670)
                [!provide]                        PROVIDE (r_lc_mutual_auth_end2 = 0x4001e4f4)
                [!provide]                        PROVIDE (r_lc_packet_type = 0x40021038)
                [!provide]                        PROVIDE (r_lc_pair = 0x40020ddc)
                [!provide]                        PROVIDE (r_lc_pairing_cont = 0x4001eafc)
                [!provide]                        PROVIDE (r_lc_passkey_comm = 0x4001ed20)
                [!provide]                        PROVIDE (r_lc_prepare_all_links_for_clk_adj = 0x40021430)
                [!provide]                        PROVIDE (r_lc_proc_rcv_dhkey = 0x4001edec)
                [!provide]                        PROVIDE (r_lc_ptt = 0x4001ee2c)
                [!provide]                        PROVIDE (r_lc_ptt_cmp = 0x4001eeec)
                [!provide]                        PROVIDE (r_lc_qos_setup = 0x4001ef50)
                [!provide]                        PROVIDE (r_lc_rd_rem_name = 0x4001efd0)
                [!provide]                        PROVIDE (r_lc_release = 0x4001f8a8)
                [!provide]                        PROVIDE (r_lc_rem_enc = 0x4001f124)
                [!provide]                        PROVIDE (r_lc_rem_name_cont = 0x4001f290)
                [!provide]                        PROVIDE (r_lc_rem_nego_trans_mode = 0x4001f1b4)
                [!provide]                        PROVIDE (r_lc_rem_sniff = 0x40020ca4)
                [!provide]                        PROVIDE (r_lc_rem_sniff_sub_rate = 0x40020b10)
                [!provide]                        PROVIDE (r_lc_rem_switch = 0x4001f070)
                [!provide]                        PROVIDE (r_lc_rem_trans_mode = 0x4001f314)
                [!provide]                        PROVIDE (r_lc_rem_unsniff = 0x400207a0)
                [!provide]                        PROVIDE (r_lc_rem_untrans_mode = 0x4001f36c)
                [!provide]                        PROVIDE (r_lc_reset = 0x4001c99c)
                [!provide]                        PROVIDE (r_lc_resp_auth = 0x4001f518)
                [!provide]                        PROVIDE (r_lc_resp_calc_f3 = 0x4001f710)
                [!provide]                        PROVIDE (r_lc_resp_num_comp = 0x40020074)
                [!provide]                        PROVIDE (r_lc_resp_oob_nonce = 0x4001f694)
                [!provide]                        PROVIDE (r_lc_resp_oob_wait_nonce = 0x4001f66c)
                [!provide]                        PROVIDE (r_lc_resp_pair = 0x400208a4)
                [!provide]                        PROVIDE (r_lc_resp_sec_auth = 0x4001f4a0)
                [!provide]                        PROVIDE (r_lc_resp_wait_dhkey_cont = 0x4001f86c)
                [!provide]                        PROVIDE (r_lc_restart_enc = 0x4001f8ec)
                [!provide]                        PROVIDE (r_lc_restart_enc_cont = 0x4001f940)
                [!provide]                        PROVIDE (r_lc_restore_afh_reporting = 0x4001f028)
                [!provide]                        PROVIDE (r_lc_restore_to = 0x4001f9e0)
                [!provide]                        PROVIDE (r_lc_ret_sniff_max_slot_chg = 0x4001fa30)
                [!provide]                        PROVIDE (r_lc_rsw_clean_up = 0x4001dc70)
                [!provide]                        PROVIDE (r_lc_rsw_done = 0x4001db94)
                [!provide]                        PROVIDE (r_lc_sco_baseband_ack = 0x40022b00)
                [!provide]                        PROVIDE (r_lc_sco_detach = 0x40021e40)
                [!provide]                        PROVIDE (r_lc_sco_host_accept = 0x40022118)
                [!provide]                        PROVIDE (r_lc_sco_host_reject = 0x400222b8)
                [!provide]                        PROVIDE (r_lc_sco_host_request = 0x40021f4c)
                [!provide]                        PROVIDE (r_lc_sco_host_request_disc = 0x4002235c)
                [!provide]                        PROVIDE (r_lc_sco_init = 0x40021dc8)
                [!provide]                        PROVIDE (r_lc_sco_peer_accept = 0x40022780)
                [!provide]                        PROVIDE (r_lc_sco_peer_accept_disc = 0x40022a08)
                [!provide]                        PROVIDE (r_lc_sco_peer_reject = 0x40022824)
                [!provide]                        PROVIDE (r_lc_sco_peer_reject_disc = 0x40022a8c)
                [!provide]                        PROVIDE (r_lc_sco_peer_request = 0x4002240c)
                [!provide]                        PROVIDE (r_lc_sco_peer_request_disc = 0x400228ec)
                [!provide]                        PROVIDE (r_lc_sco_release = 0x40021eec)
                [!provide]                        PROVIDE (r_lc_sco_reset = 0x40021dfc)
                [!provide]                        PROVIDE (r_lc_sco_timeout = 0x40022bd4)
                [!provide]                        PROVIDE (r_lc_sec_auth_compute_sres = 0x4001f3ec)
                [!provide]                        PROVIDE (r_lc_semi_key_cmp = 0x40020294)
                [!provide]                        PROVIDE (r_lc_send_enc_chg_evt = 0x4002134c)
                [!provide]                        PROVIDE (r_lc_send_enc_mode = 0x40020220)
                [!provide]                        PROVIDE (r_lc_send_lmp = 0x4001c1a8)
                [!provide]                        PROVIDE (r_lc_send_pdu_acc = 0x4001c21c)
                [!provide]                        PROVIDE (r_lc_send_pdu_acc_ext4 = 0x4001c240)
                [!provide]                        PROVIDE (r_lc_send_pdu_au_rand = 0x4001c308)
                [!provide]                        PROVIDE (r_lc_send_pdu_auto_rate = 0x4001c5d0)
                [!provide]                        PROVIDE (r_lc_send_pdu_clk_adj_ack = 0x4001c46c)
                [!provide]                        PROVIDE (r_lc_send_pdu_clk_adj_req = 0x4001c494)
                [!provide]                        PROVIDE (r_lc_send_pdu_comb_key = 0x4001c368)
                [!provide]                        PROVIDE (r_lc_send_pdu_dhkey_chk = 0x4001c8e8)
                [!provide]                        PROVIDE (r_lc_send_pdu_encaps_head = 0x4001c440)
                [!provide]                        PROVIDE (r_lc_send_pdu_encaps_payl = 0x4001c410)
                [!provide]                        PROVIDE (r_lc_send_pdu_enc_key_sz_req = 0x4001c670)
                [!provide]                        PROVIDE (r_lc_send_pdu_esco_lk_rem_req = 0x4001c5a8)
                [!provide]                        PROVIDE (r_lc_send_pdu_feats_ext_req = 0x4001c6ec)
                [!provide]                        PROVIDE (r_lc_send_pdu_feats_res = 0x4001c694)
                [!provide]                        PROVIDE (r_lc_send_pdu_in_rand = 0x4001c338)
                [!provide]                        PROVIDE (r_lc_send_pdu_io_cap_res = 0x4001c72c)
                [!provide]                        PROVIDE (r_lc_send_pdu_lsto = 0x4001c64c)
                [!provide]                        PROVIDE (r_lc_send_pdu_max_slot = 0x4001c3c8)
                [!provide]                        PROVIDE (r_lc_send_pdu_max_slot_req = 0x4001c3ec)
                [!provide]                        PROVIDE (r_lc_send_pdu_not_acc = 0x4001c26c)
                [!provide]                        PROVIDE (r_lc_send_pdu_not_acc_ext4 = 0x4001c294)
                [!provide]                        PROVIDE (r_lc_send_pdu_num_comp_fail = 0x4001c770)
                [!provide]                        PROVIDE (r_lc_send_pdu_pause_enc_aes_req = 0x4001c794)
                [!provide]                        PROVIDE (r_lc_send_pdu_paus_enc_req = 0x4001c7c0)
                [!provide]                        PROVIDE (r_lc_send_pdu_ptt_req = 0x4001c4c0)
                [!provide]                        PROVIDE (r_lc_send_pdu_qos_req = 0x4001c82c)
                [!provide]                        PROVIDE (r_lc_send_pdu_resu_enc_req = 0x4001c7e4)
                [!provide]                        PROVIDE (r_lc_send_pdu_sco_lk_rem_req = 0x4001c580)
                [!provide]                        PROVIDE (r_lc_send_pdu_set_afh = 0x4001c2c8)
                [!provide]                        PROVIDE (r_lc_send_pdu_setup_cmp = 0x4001c808)
                [!provide]                        PROVIDE (r_lc_send_pdu_slot_off = 0x4001c854)
                [!provide]                        PROVIDE (r_lc_send_pdu_sniff_req = 0x4001c5f0)
                [!provide]                        PROVIDE (r_lc_send_pdu_sp_cfm = 0x4001c518)
                [!provide]                        PROVIDE (r_lc_send_pdu_sp_nb = 0x4001c4e8)
                [!provide]                        PROVIDE (r_lc_send_pdu_sres = 0x4001c548)
                [!provide]                        PROVIDE (r_lc_send_pdu_tim_acc = 0x4001c6cc)
                [!provide]                        PROVIDE (r_lc_send_pdu_unit_key = 0x4001c398)
                [!provide]                        PROVIDE (r_lc_send_pdu_unsniff_req = 0x4001c894)
                [!provide]                        PROVIDE (r_lc_send_pdu_vers_req = 0x4001c8b4)
                [!provide]                        PROVIDE (r_lc_skip_hl_oob_req = 0x400201bc)
                [!provide]                        PROVIDE (r_lc_sniff_init = 0x40022cac)
                [!provide]                        PROVIDE (r_lc_sniff_max_slot_chg = 0x40020590)
                [!provide]                        PROVIDE (r_lc_sniff_reset = 0x40022cc8)
                [!provide]                        PROVIDE (r_lc_sniff_slot_unchange = 0x40021100)
                [!provide]                        PROVIDE (r_lc_sniff_sub_mode = 0x400204fc)
                [!provide]                        PROVIDE (r_lc_sp_end = 0x400213a8)
                [!provide]                        PROVIDE (r_lc_sp_fail = 0x40020470)
                [!provide]                        PROVIDE (r_lc_sp_oob_tid_fail = 0x400204cc)
                [!provide]                        PROVIDE (r_lc_ssr_nego = 0x4002125c)
                [!provide]                        PROVIDE (r_lc_start = 0x4001ca28)
                [!provide]                        PROVIDE (r_lc_start_enc = 0x4001fb28)
                [!provide]                        PROVIDE (r_lc_start_enc_key_size = 0x4001fd9c)
                [!provide]                        PROVIDE (r_lc_start_key_exch = 0x4001fe10)
                [!provide]                        PROVIDE (r_lc_start_lmp_to = 0x4001fae8)
                [!provide]                        PROVIDE (r_lc_start_oob = 0x4001fffc)
                [!provide]                        PROVIDE (r_lc_start_passkey = 0x4001feac)
                [!provide]                        PROVIDE (r_lc_start_passkey_loop = 0x4001ff88)
                [!provide]                        PROVIDE (r_lc_stop_afh_report = 0x40020184)
                [!provide]                        PROVIDE (r_lc_stop_enc = 0x40020110)
                [!provide]                        PROVIDE (r_lc_switch_cmp = 0x40020448)
                [!provide]                        PROVIDE (r_lc_unit_key_svr = 0x400206d8)
                [!provide]                        PROVIDE (r_lc_unsniff = 0x40020c50)
                [!provide]                        PROVIDE (r_lc_unsniff_cmp = 0x40020810)
                [!provide]                        PROVIDE (r_lc_unsniff_cont = 0x40020750)
                [!provide]                        PROVIDE (r_lc_upd_to = 0x4002065c)
                [!provide]                        PROVIDE (r_lc_util_convert_pref_rate_to_packet_type = 0x4002f9b0)
                [!provide]                        PROVIDE (r_lc_util_get_max_packet_size = 0x4002f4ac)
                [!provide]                        PROVIDE (r_lc_util_get_offset_clke = 0x4002f538)
                [!provide]                        PROVIDE (r_lc_util_get_offset_clkn = 0x4002f51c)
                [!provide]                        PROVIDE (r_lc_util_set_loc_trans_coll = 0x4002f500)
                [!provide]                        PROVIDE (r_lc_version = 0x40020a30)
                [!provide]                        PROVIDE (lc_set_encap_pdu_data_p192 = 0x4002e4c8)
                [!provide]                        PROVIDE (lc_set_encap_pdu_data_p256 = 0x4002e454)
                [!provide]                        PROVIDE (lm_get_auth_method = 0x40023420)
                [!provide]                        PROVIDE (lmp_accepted_ext_handler = 0x40027290)
                [!provide]                        PROVIDE (lmp_not_accepted_ext_handler = 0x40029c54)
                [!provide]                        PROVIDE (lmp_clk_adj_handler = 0x40027468)
                [!provide]                        PROVIDE (lmp_clk_adj_ack_handler = 0x400274f4)
                [!provide]                        PROVIDE (lm_get_auth_method = 0x40023420)
                [!provide]                        PROVIDE (lmp_accepted_ext_handler = 0x40027290)
                [!provide]                        PROVIDE (lmp_not_accepted_ext_handler = 0x40029c54)
                [!provide]                        PROVIDE (lmp_clk_adj_handler = 0x40027468)
                [!provide]                        PROVIDE (lmp_clk_adj_ack_handler = 0x400274f4)
                [!provide]                        PROVIDE (lmp_clk_adj_req_handler = 0x4002751c)
                [!provide]                        PROVIDE (lmp_feats_res_ext_handler = 0x4002cac4)
                [!provide]                        PROVIDE (lmp_feats_req_ext_handler = 0x4002ccb0)
                [!provide]                        PROVIDE (lmp_pkt_type_tbl_req_handler = 0x40027574)
                [!provide]                        PROVIDE (lmp_esco_link_req_handler = 0x40027610)
                [!provide]                        PROVIDE (lmp_rmv_esco_link_req_handler = 0x400276e8)
                [!provide]                        PROVIDE (lmp_ch_class_req_handler = 0x40027730)
                [!provide]                        PROVIDE (lmp_ch_class_handler = 0x4002ca18)
                [!provide]                        PROVIDE (lmp_ssr_req_handler = 0x4002780c)
                [!provide]                        PROVIDE (lmp_ssr_res_handler = 0x40027900)
                [!provide]                        PROVIDE (lmp_pause_enc_aes_req_handler = 0x400279a4)
                [!provide]                        PROVIDE (lmp_pause_enc_req_handler = 0x4002df90)
                [!provide]                        PROVIDE (lmp_resume_enc_req_handler = 0x4002e084)
                [!provide]                        PROVIDE (lmp_num_comparison_fail_handler = 0x40027a74)
                [!provide]                        PROVIDE (lmp_passkey_fail_handler = 0x40027aec)
                [!provide]                        PROVIDE (lmp_keypress_notif_handler = 0x4002c5c8)
                [!provide]                        PROVIDE (lmp_pwr_ctrl_req_handler = 0x400263bc)
                [!provide]                        PROVIDE (lmp_pwr_ctrl_res_handler = 0x40026480)
                [!provide]                        PROVIDE (lmp_auto_rate_handler = 0x40026548)
                [!provide]                        PROVIDE (lmp_pref_rate_handler = 0x4002657c)
                [!provide]                        PROVIDE (lmp_name_req_handler = 0x40025050)
                [!provide]                        PROVIDE (lmp_name_res_handler = 0x400250bc)
                [!provide]                        PROVIDE (lmp_not_accepted_handler = 0x400251d0)
                [!provide]                        PROVIDE (lmp_accepted_handler = 0x4002e894)
                [!provide]                        PROVIDE (lmp_clk_off_req_handler = 0x40025a44)
                [!provide]                        PROVIDE (lmp_clk_off_res_handler = 0x40025ab8)
                [!provide]                        PROVIDE (lmp_detach_handler = 0x40025b74)
                [!provide]                        PROVIDE (lmp_tempkey_handler = 0x4002b6b0)
                [!provide]                        PROVIDE (lmp_temprand_handler = 0x4002b74c)
                [!provide]                        PROVIDE (lmp_sres_handler = 0x4002b840)
                [!provide]                        PROVIDE (lmp_aurand_handler = 0x4002bda0)
                [!provide]                        PROVIDE (lmp_unitkey_handler = 0x4002c13c)
                [!provide]                        PROVIDE (lmp_combkey_handler = 0x4002c234)
                [!provide]                        PROVIDE (lmp_inrand_handler = 0x4002c414)
                [!provide]                        PROVIDE (lmp_oob_fail_handler = 0x40027b84)
                [!provide]                        PROVIDE (lmp_ping_req_handler = 0x40027c08)
                [!provide]                        PROVIDE (lmp_ping_res_handler = 0x40027c5c)
                [!provide]                        PROVIDE (lmp_enc_mode_req_handler = 0x40025c60)
                [!provide]                        PROVIDE (lmp_enc_key_size_req_handler = 0x40025e54)
                [!provide]                        PROVIDE (lmp_switch_req_handler = 0x40025f84)
                [!provide]                        PROVIDE (lmp_start_enc_req_handler = 0x4002e124)
                [!provide]                        PROVIDE (lmp_stop_enc_req_handler = 0x4002de30)
                [!provide]                        PROVIDE (lmp_sniff_req_handler = 0x400260c8)
                [!provide]                        PROVIDE (lmp_unsniff_req_handler = 0x400261e0)
                [!provide]                        PROVIDE (lmp_incr_pwr_req_handler = 0x4002629c)
                [!provide]                        PROVIDE (lmp_decr_pwr_req_handler = 0x400262f8)
                [!provide]                        PROVIDE (lmp_max_pwr_handler = 0x40026354)
                [!provide]                        PROVIDE (lmp_min_pwr_handler = 0x40026388)
                [!provide]                        PROVIDE (lmp_ver_req_handler = 0x400265f0)
                [!provide]                        PROVIDE (lmp_ver_res_handler = 0x40026670)
                [!provide]                        PROVIDE (lmp_qos_handler = 0x40026790)
                [!provide]                        PROVIDE (lmp_qos_req_handler = 0x40026844)
                [!provide]                        PROVIDE (lmp_sco_link_req_handler = 0x40026930)
                [!provide]                        PROVIDE (lmp_rmv_sco_link_req_handler = 0x40026a10)
                [!provide]                        PROVIDE (lmp_max_slot_handler = 0x40026a54)
                [!provide]                        PROVIDE (lmp_max_slot_req_handler = 0x40026aac)
                [!provide]                        PROVIDE (lmp_timing_accu_req_handler = 0x40026b54)
                [!provide]                        PROVIDE (lmp_timing_accu_res_handler = 0x40026bcc)
                [!provide]                        PROVIDE (lmp_setup_cmp_handler = 0x40026c84)
                [!provide]                        PROVIDE (lmp_feats_res_handler = 0x4002b548)
                [!provide]                        PROVIDE (lmp_feats_req_handler = 0x4002b620)
                [!provide]                        PROVIDE (lmp_host_con_req_handler = 0x4002b3d8)
                [!provide]                        PROVIDE (lmp_use_semi_perm_key_handler = 0x4002b4c4)
                [!provide]                        PROVIDE (lmp_slot_off_handler = 0x40026cc8)
                [!provide]                        PROVIDE (lmp_page_mode_req_handler = 0x40026d0c)
                [!provide]                        PROVIDE (lmp_page_scan_mode_req_handler = 0x40026d4c)
                [!provide]                        PROVIDE (lmp_supv_to_handler = 0x40026d94)
                [!provide]                        PROVIDE (lmp_test_activate_handler = 0x40026e7c)
                [!provide]                        PROVIDE (lmp_test_ctrl_handler = 0x40026ee4)
                [!provide]                        PROVIDE (lmp_enc_key_size_mask_req_handler = 0x40027038)
                [!provide]                        PROVIDE (lmp_enc_key_size_mask_res_handler = 0x400270a4)
                [!provide]                        PROVIDE (lmp_set_afh_handler = 0x4002b2e4)
                [!provide]                        PROVIDE (lmp_encaps_hdr_handler = 0x40027120)
                [!provide]                        PROVIDE (lmp_encaps_payl_handler = 0x4002e590)
                [!provide]                        PROVIDE (lmp_sp_nb_handler = 0x4002acf0)
                [!provide]                        PROVIDE (lmp_sp_cfm_handler = 0x4002b170)
                [!provide]                        PROVIDE (lmp_dhkey_chk_handler = 0x4002ab48)
                [!provide]                        PROVIDE (lmp_pause_enc_aes_req_handler = 0x400279a4)
                [!provide]                        PROVIDE (lmp_io_cap_res_handler = 0x4002c670)
                [!provide]                        PROVIDE (lmp_io_cap_req_handler = 0x4002c7a4)
                [!provide]                        PROVIDE (lc_cmd_cmp_bd_addr_send = 0x4002cec4)
                [!provide]                        PROVIDE (ld_acl_tx_packet_type_select = 0x4002fb40)
                [!provide]                        PROVIDE (ld_acl_sched = 0x40033268)
                [!provide]                        PROVIDE (ld_acl_sniff_sched = 0x4003340c)
                [!provide]                        PROVIDE (ld_acl_sniff_exit = 0x400312b4)
                [!provide]                        PROVIDE (ld_acl_rx = 0x4003274c)
                [!provide]                        PROVIDE (ld_acl_tx = 0x4002ffdc)
                [!provide]                        PROVIDE (ld_acl_rx_sync = 0x4002fbec)
                [!provide]                        PROVIDE (ld_acl_rx_sync2 = 0x4002fd8c)
                [!provide]                        PROVIDE (ld_acl_rx_no_sync = 0x4002fe78)
                [!provide]                        PROVIDE (ld_acl_clk_isr = 0x40030cf8)
                [!provide]                        PROVIDE (ld_acl_rsw_frm_cbk = 0x40033bb0)
                [!provide]                        PROVIDE (ld_sco_modify = 0x40031778)
                [!provide]                        PROVIDE (lm_cmd_cmp_send = 0x40051838)
                [!provide]                        PROVIDE (ld_sco_frm_cbk = 0x400349dc)
                [!provide]                        PROVIDE (ld_sco_evt_stop_cbk = 0x40031d78)
                [!provide]                        PROVIDE (ld_acl_rsw_evt_start_cbk = 0x40031154)
                [!provide]                        PROVIDE (ld_acl_sco_rsvd_check = 0x4002fa94)
                [!provide]                        PROVIDE (ld_acl_sniff_frm_cbk = 0x4003482c)
                [!provide]                        PROVIDE (ld_inq_end = 0x4003ab48)
                [!provide]                        PROVIDE (ld_inq_sched = 0x4003aba4)
                [!provide]                        PROVIDE (ld_inq_frm_cbk = 0x4003ae4c)
                [!provide]                        PROVIDE (ld_pscan_frm_cbk = 0x4003ebe4)
                [!provide]                        PROVIDE (r_ld_acl_active_hop_types_get = 0x40036e10)
                [!provide]                        PROVIDE (r_ld_acl_afh_confirm = 0x40036d40)
                [!provide]                        PROVIDE (r_ld_acl_afh_prepare = 0x40036c84)
                [!provide]                        PROVIDE (r_ld_acl_afh_set = 0x40036b60)
                [!provide]                        PROVIDE (r_ld_acl_allowed_tx_packet_types_set = 0x40036810)
                [!provide]                        PROVIDE (r_ld_acl_bcst_rx_dec = 0x40036394)
                [!provide]                        PROVIDE (r_ld_acl_bit_off_get = 0x40036b18)
                [!provide]                        PROVIDE (r_ld_acl_clk_adj_set = 0x40036a00)
                [!provide]                        PROVIDE (r_ld_acl_clk_off_get = 0x40036b00)
                [!provide]                        PROVIDE (r_ld_acl_clk_set = 0x40036950)
                [!provide]                        PROVIDE (r_ld_acl_clock_offset_get = 0x400364c0)
                [!provide]                        PROVIDE (r_ld_acl_current_tx_power_get = 0x400368f0)
                [!provide]                        PROVIDE (r_ld_acl_data_flush = 0x400357bc)
                [!provide]                        PROVIDE (r_ld_acl_data_tx = 0x4003544c)
                [!provide]                        PROVIDE (r_ld_acl_edr_set = 0x4003678c)
                [!provide]                        PROVIDE (r_ld_acl_enc_key_load = 0x40036404)
                [!provide]                        PROVIDE (r_ld_acl_flow_off = 0x40035400)
                [!provide]                        PROVIDE (r_ld_acl_flow_on = 0x4003541c)
                [!provide]                        PROVIDE (r_ld_acl_flush_timeout_get = 0x40035f9c)
                [!provide]                        PROVIDE (r_ld_acl_flush_timeout_set = 0x40035fe0)
                [!provide]                        PROVIDE (r_ld_acl_init = 0x40034d08)
                [!provide]                        PROVIDE (r_ld_acl_lmp_flush = 0x40035d80)
                [!provide]                        PROVIDE (r_ld_acl_lmp_tx = 0x40035b34)
                [!provide]                        PROVIDE (r_ld_acl_lsto_get = 0x400366b4)
                [!provide]                        PROVIDE (r_ld_acl_lsto_set = 0x400366f8)
                [!provide]                        PROVIDE (r_ld_acl_reset = 0x40034d24)
                [!provide]                        PROVIDE (r_ld_acl_role_get = 0x40036b30)
                [!provide]                        PROVIDE (r_ld_acl_rssi_delta_get = 0x40037028)
                [!provide]                        PROVIDE (r_ld_acl_rsw_req = 0x40035e74)
                [!provide]                        PROVIDE (r_ld_acl_rx_enc = 0x40036344)
                [!provide]                        PROVIDE (r_ld_acl_rx_max_slot_get = 0x40036e58)
                [!provide]                        PROVIDE (r_ld_acl_rx_max_slot_set = 0x40036ea0)
                [!provide]                        PROVIDE (r_ld_acl_slot_offset_get = 0x4003653c)
                [!provide]                        PROVIDE (r_ld_acl_slot_offset_set = 0x40036658)
                [!provide]                        PROVIDE (r_ld_acl_sniff = 0x4003617c)
                [!provide]                        PROVIDE (r_ld_acl_sniff_trans = 0x400360a8)
                [!provide]                        PROVIDE (r_ld_acl_ssr_set = 0x40036274)
                [!provide]                        PROVIDE (r_ld_acl_start = 0x40034ddc)
                [!provide]                        PROVIDE (r_ld_acl_stop = 0x4003532c)
                [!provide]                        PROVIDE (r_ld_acl_test_mode_set = 0x40036f24)
                [!provide]                        PROVIDE (r_ld_acl_timing_accuracy_set = 0x4003673c)
                [!provide]                        PROVIDE (r_ld_acl_t_poll_get = 0x40036024)
                [!provide]                        PROVIDE (r_ld_acl_t_poll_set = 0x40036068)
                [!provide]                        PROVIDE (r_ld_acl_tx_enc = 0x400362f8)
                [!provide]                        PROVIDE (ld_acl_frm_cbk = 0x40034414)
                [!provide]                        PROVIDE (ld_acl_rsw_end = 0x40032bc0)
                [!provide]                        PROVIDE (ld_acl_end = 0x40033140)
                [!provide]                        PROVIDE (ld_acl_resched = 0x40033814)
                [!provide]                        PROVIDE (ld_acl_test_mode_update = 0x40032050)
                [!provide]                        PROVIDE (r_ld_acl_unsniff = 0x400361e0)
                [!provide]                        PROVIDE (r_ld_active_check = 0x4003cac4)
                [!provide]                        PROVIDE (r_ld_afh_ch_assess_data_get = 0x4003caec)
                [!provide]                        PROVIDE (r_ld_bcst_acl_data_tx = 0x40038d3c)
                [!provide]                        PROVIDE (r_ld_bcst_acl_init = 0x40038bd0)
                [!provide]                        PROVIDE (r_ld_bcst_acl_reset = 0x40038bdc)
                [!provide]                        PROVIDE (r_ld_bcst_acl_start = 0x4003882c)
                [!provide]                        PROVIDE (r_ld_bcst_afh_update = 0x40038f3c)
                [!provide]                        PROVIDE (r_ld_bcst_enc_key_load = 0x4003906c)
                [!provide]                        PROVIDE (r_ld_bcst_lmp_tx = 0x40038bf8)
                [!provide]                        PROVIDE (r_ld_bcst_tx_enc = 0x40038ff8)
                [!provide]                        PROVIDE (r_ld_bd_addr_get = 0x4003ca20)
                [!provide]                        PROVIDE (r_ld_channel_assess = 0x4003c184)
                [!provide]                        PROVIDE (r_ld_class_of_dev_get = 0x4003ca34)
                [!provide]                        PROVIDE (r_ld_class_of_dev_set = 0x4003ca50)
                [!provide]                        PROVIDE (r_ld_csb_rx_afh_update = 0x40039af4)
                [!provide]                        PROVIDE (r_ld_csb_rx_init = 0x40039690)
                [!provide]                        PROVIDE (r_ld_csb_rx_reset = 0x4003969c)
                [!provide]                        PROVIDE (r_ld_csb_rx_start = 0x4003972c)
                [!provide]                        PROVIDE (r_ld_csb_rx_stop = 0x40039bb8)
                [!provide]                        PROVIDE (r_ld_csb_tx_afh_update = 0x4003a5fc)
                [!provide]                        PROVIDE (r_ld_csb_tx_clr_data = 0x4003a71c)
                [!provide]                        PROVIDE (r_ld_csb_tx_dis = 0x4003a5e8)
                [!provide]                        PROVIDE (r_ld_csb_tx_en = 0x4003a1c0)
                [!provide]                        PROVIDE (r_ld_csb_tx_init = 0x4003a0e8)
                [!provide]                        PROVIDE (r_ld_csb_tx_reset = 0x4003a0f8)
                [!provide]                        PROVIDE (r_ld_csb_tx_set_data = 0x4003a6c0)
                [!provide]                        PROVIDE (r_ld_fm_clk_isr = 0x4003a7a8)
                [!provide]                        PROVIDE (r_ld_fm_frame_isr = 0x4003a82c)
                [!provide]                        PROVIDE (r_ld_fm_init = 0x4003a760)
                [!provide]                        PROVIDE (r_ld_fm_prog_check = 0x4003ab28)
                [!provide]                        PROVIDE (r_ld_fm_prog_disable = 0x4003a984)
                [!provide]                        PROVIDE (r_ld_fm_prog_enable = 0x4003a944)
                [!provide]                        PROVIDE (r_ld_fm_prog_push = 0x4003a9d4)
                [!provide]                        PROVIDE (r_ld_fm_reset = 0x4003a794)
                [!provide]                        PROVIDE (r_ld_fm_rx_isr = 0x4003a7f4)
                [!provide]                        PROVIDE (r_ld_fm_sket_isr = 0x4003a8a4)
                [!provide]                        PROVIDE (r_ld_init = 0x4003c294)
                [!provide]                        PROVIDE (r_ld_inq_init = 0x4003b15c)
                [!provide]                        PROVIDE (r_ld_inq_reset = 0x4003b168)
                [!provide]                        PROVIDE (r_ld_inq_start = 0x4003b1f0)
                [!provide]                        PROVIDE (r_ld_inq_stop = 0x4003b4f0)
                [!provide]                        PROVIDE (r_ld_iscan_eir_get = 0x4003c118)
                [!provide]                        PROVIDE (r_ld_iscan_eir_set = 0x4003bfa0)
                [!provide]                        PROVIDE (r_ld_iscan_init = 0x4003b9f0)
                [!provide]                        PROVIDE (r_ld_iscan_reset = 0x4003ba14)
                [!provide]                        PROVIDE (r_ld_iscan_restart = 0x4003ba44)
                [!provide]                        PROVIDE (r_ld_iscan_start = 0x4003bb28)
                [!provide]                        PROVIDE (r_ld_iscan_stop = 0x4003bf1c)
                [!provide]                        PROVIDE (r_ld_iscan_tx_pwr_get = 0x4003c138)
                [!provide]                        PROVIDE (r_ld_page_init = 0x4003d808)
                [!provide]                        PROVIDE (r_ld_page_reset = 0x4003d814)
                [!provide]                        PROVIDE (r_ld_page_start = 0x4003d848)
                [!provide]                        PROVIDE (r_ld_page_stop = 0x4003da54)
                [!provide]                        PROVIDE (r_ld_pca_coarse_clock_adjust = 0x4003e324)
                [!provide]                        PROVIDE (r_ld_pca_init = 0x4003deb4)
                [!provide]                        PROVIDE (r_ld_pca_initiate_clock_dragging = 0x4003e4ac)
                [!provide]                        PROVIDE (r_ld_pca_local_config = 0x4003df6c)
                [!provide]                        PROVIDE (r_ld_pca_mws_frame_sync = 0x4003e104)
                [!provide]                        PROVIDE (r_ld_pca_mws_moment_offset_gt = 0x4003e278)
                [!provide]                        PROVIDE (r_ld_pca_mws_moment_offset_lt = 0x4003e280)
                [!provide]                        PROVIDE (r_ld_pca_reporting_enable = 0x4003e018)
                [!provide]                        PROVIDE (r_ld_pca_reset = 0x4003df0c)
                [!provide]                        PROVIDE (r_ld_pca_update_target_offset = 0x4003e050)
                [!provide]                        PROVIDE (r_ld_pscan_evt_handler = 0x4003f238)
                [!provide]                        PROVIDE (r_ld_pscan_init = 0x4003f474)
                [!provide]                        PROVIDE (r_ld_pscan_reset = 0x4003f498)
                [!provide]                        PROVIDE (r_ld_pscan_restart = 0x4003f4b8)
                [!provide]                        PROVIDE (r_ld_pscan_start = 0x4003f514)
                [!provide]                        PROVIDE (r_ld_pscan_stop = 0x4003f618)
                [!provide]                        PROVIDE (r_ld_read_clock = 0x4003c9e4)
                [!provide]                        PROVIDE (r_ld_reset = 0x4003c714)
                [!provide]                        PROVIDE (r_ld_sched_acl_add = 0x4003f978)
                [!provide]                        PROVIDE (r_ld_sched_acl_remove = 0x4003f99c)
                [!provide]                        PROVIDE (r_ld_sched_compute = 0x4003f6f8)
                [!provide]                        PROVIDE (r_ld_sched_init = 0x4003f7ac)
                [!provide]                        PROVIDE (r_ld_sched_inq_add = 0x4003f8a8)
                [!provide]                        PROVIDE (r_ld_sched_inq_remove = 0x4003f8d0)
                [!provide]                        PROVIDE (r_ld_sched_iscan_add = 0x4003f7e8)
                [!provide]                        PROVIDE (r_ld_sched_iscan_remove = 0x4003f808)
                [!provide]                        PROVIDE (r_ld_sched_page_add = 0x4003f910)
                [!provide]                        PROVIDE (r_ld_sched_page_remove = 0x4003f938)
                [!provide]                        PROVIDE (r_ld_sched_pscan_add = 0x4003f828)
                [!provide]                        PROVIDE (r_ld_sched_pscan_remove = 0x4003f848)
                [!provide]                        PROVIDE (r_ld_sched_reset = 0x4003f7d4)
                [!provide]                        PROVIDE (r_ld_sched_sco_add = 0x4003fa4c)
                [!provide]                        PROVIDE (r_ld_sched_sco_remove = 0x4003fa9c)
                [!provide]                        PROVIDE (r_ld_sched_sniff_add = 0x4003f9c4)
                [!provide]                        PROVIDE (r_ld_sched_sniff_remove = 0x4003fa0c)
                [!provide]                        PROVIDE (r_ld_sched_sscan_add = 0x4003f868)
                [!provide]                        PROVIDE (r_ld_sched_sscan_remove = 0x4003f888)
                [!provide]                        PROVIDE (r_ld_sco_audio_isr = 0x40037cc8)
                [!provide]                        PROVIDE (r_ld_sco_data_tx = 0x40037ee8)
                [!provide]                        PROVIDE (r_ld_sco_start = 0x40037110)
                [!provide]                        PROVIDE (r_ld_sco_stop = 0x40037c40)
                [!provide]                        PROVIDE (r_ld_sco_update = 0x40037a74)
                [!provide]                        PROVIDE (r_ld_sscan_activated = 0x4004031c)
                [!provide]                        PROVIDE (r_ld_sscan_init = 0x400402f0)
                [!provide]                        PROVIDE (r_ld_sscan_reset = 0x400402fc)
                [!provide]                        PROVIDE (r_ld_sscan_start = 0x40040384)
                [!provide]                        PROVIDE (r_ld_strain_init = 0x400409f4)
                [!provide]                        PROVIDE (r_ld_strain_reset = 0x40040a00)
                [!provide]                        PROVIDE (r_ld_strain_start = 0x40040a8c)
                [!provide]                        PROVIDE (r_ld_strain_stop = 0x40040df0)
                [!provide]                        PROVIDE (r_ld_timing_accuracy_get = 0x4003caac)
                [!provide]                        PROVIDE (r_ld_util_active_master_afh_map_get = 0x4004131c)
                [!provide]                        PROVIDE (r_ld_util_active_master_afh_map_set = 0x40041308)
                [!provide]                        PROVIDE (r_ld_util_bch_create = 0x40040fcc)
                [!provide]                        PROVIDE (r_ld_util_fhs_pk = 0x400411c8)
                [!provide]                        PROVIDE (r_ld_util_fhs_unpk = 0x40040e54)
                [!provide]                        PROVIDE (r_ld_util_stp_pk = 0x400413f4)
                [!provide]                        PROVIDE (r_ld_util_stp_unpk = 0x40041324)
                [!provide]                        PROVIDE (r_ld_version_get = 0x4003ca6c)
                [!provide]                        PROVIDE (r_ld_wlcoex_set = 0x4003caf8)
                [!provide]                        PROVIDE (r_llc_ch_assess_get_current_ch_map = 0x40041574)
                [!provide]                        PROVIDE (r_llc_ch_assess_get_local_ch_map = 0x4004150c)
                [!provide]                        PROVIDE (r_llc_ch_assess_local = 0x40041494)
                [!provide]                        PROVIDE (r_llc_ch_assess_merge_ch = 0x40041588)
                [!provide]                        PROVIDE (r_llc_ch_assess_reass_ch = 0x400415c0)
                [!provide]                        PROVIDE (r_llc_common_cmd_complete_send = 0x40044eac)
                [!provide]                        PROVIDE (r_llc_common_cmd_status_send = 0x40044ee0)
                [!provide]                        PROVIDE (r_llc_common_enc_change_evt_send = 0x40044f6c)
                [!provide]                        PROVIDE (r_llc_common_enc_key_ref_comp_evt_send = 0x40044f38)
                [!provide]                        PROVIDE (r_llc_common_flush_occurred_send = 0x40044f0c)
                [!provide]                        PROVIDE (r_llc_common_nb_of_pkt_comp_evt_send = 0x40045000)
                [!provide]                        PROVIDE (r_llc_con_update_complete_send = 0x40044d68)
                [!provide]                        PROVIDE (r_llc_con_update_finished = 0x4004518c)
                [!provide]                        PROVIDE (r_llc_con_update_ind = 0x40045038)
                [!provide]                        PROVIDE (r_llc_discon_event_complete_send = 0x40044a30)
                [!provide]                        PROVIDE (r_llc_end_evt_defer = 0x40046330)
                [!provide]                        PROVIDE (r_llc_feats_rd_event_send = 0x40044e0c)
                [!provide]                        PROVIDE (r_llc_init = 0x40044778)
                [!provide]                        PROVIDE (r_llc_le_con_cmp_evt_send = 0x40044a78)
                [!provide]                        PROVIDE (r_llc_llcp_ch_map_update_pdu_send = 0x40043f94)
                [!provide]                        PROVIDE (r_llc_llcp_con_param_req_pdu_send = 0x400442fc)
                [!provide]                        PROVIDE (r_llc_llcp_con_param_rsp_pdu_send = 0x40044358)
                [!provide]                        PROVIDE (r_llc_llcp_con_update_pdu_send = 0x400442c4)
                [!provide]                        PROVIDE (r_llc_llcp_enc_req_pdu_send = 0x40044064)
                [!provide]                        PROVIDE (r_llc_llcp_enc_rsp_pdu_send = 0x40044160)
                [!provide]                        PROVIDE (r_llc_llcp_feats_req_pdu_send = 0x400443b4)
                [!provide]                        PROVIDE (r_llc_llcp_feats_rsp_pdu_send = 0x400443f0)
                [!provide]                        PROVIDE (r_llc_llcp_get_autorize = 0x4004475c)
                [!provide]                        PROVIDE (r_llc_llcp_length_req_pdu_send = 0x40044574)
                [!provide]                        PROVIDE (r_llc_llcp_length_rsp_pdu_send = 0x400445ac)
                [!provide]                        PROVIDE (r_llc_llcp_pause_enc_req_pdu_send = 0x40043fd8)
                [!provide]                        PROVIDE (r_llc_llcp_pause_enc_rsp_pdu_send = 0x40044010)
                [!provide]                        PROVIDE (r_llc_llcp_ping_req_pdu_send = 0x4004454c)
                [!provide]                        PROVIDE (r_llc_llcp_ping_rsp_pdu_send = 0x40044560)
                [!provide]                        PROVIDE (r_llc_llcp_recv_handler = 0x40044678)
                [!provide]                        PROVIDE (r_llc_llcp_reject_ind_pdu_send = 0x4004425c)
                [!provide]                        PROVIDE (r_llc_llcp_start_enc_req_pdu_send = 0x4004441c)
                [!provide]                        PROVIDE (r_llc_llcp_start_enc_rsp_pdu_send = 0x400441f8)
                [!provide]                        PROVIDE (r_llc_llcp_terminate_ind_pdu_send = 0x400444b0)
                [!provide]                        PROVIDE (r_llc_llcp_tester_send = 0x400445e4)
                [!provide]                        PROVIDE (r_llc_llcp_unknown_rsp_send_pdu = 0x40044534)
                [!provide]                        PROVIDE (r_llc_llcp_version_ind_pdu_send = 0x40043f6c)
                [!provide]                        PROVIDE (r_llc_lsto_con_update = 0x40045098)
                [!provide]                        PROVIDE (r_llc_ltk_req_send = 0x40044dc0)
                [!provide]                        PROVIDE (r_llc_map_update_finished = 0x40045260)
                [!provide]                        PROVIDE (r_llc_map_update_ind = 0x400450f0)
                [!provide]                        PROVIDE (r_llc_pdu_acl_tx_ack_defer = 0x400464dc)
                [!provide]                        PROVIDE (r_llc_pdu_defer = 0x40046528)
                [!provide]                        PROVIDE (r_llc_pdu_llcp_tx_ack_defer = 0x400463ac)
                [!provide]                        PROVIDE (r_llc_reset = 0x400447b8)
                [!provide]                        PROVIDE (r_llc_start = 0x400447f4)
                [!provide]                        PROVIDE (r_llc_stop = 0x400449ac)
                [!provide]                        PROVIDE (r_llc_util_bw_mgt = 0x4004629c)
                [!provide]                        PROVIDE (r_llc_util_clear_operation_ptr = 0x40046234)
                [!provide]                        PROVIDE (r_llc_util_dicon_procedure = 0x40046130)
                [!provide]                        PROVIDE (r_llc_util_get_free_conhdl = 0x400460c8)
                [!provide]                        PROVIDE (r_llc_util_get_nb_active_link = 0x40046100)
                [!provide]                        PROVIDE (r_llc_util_set_auth_payl_to_margin = 0x400461f4)
                [!provide]                        PROVIDE (r_llc_util_set_llcp_discard_enable = 0x400461c8)
                [!provide]                        PROVIDE (r_llc_util_update_channel_map = 0x400461ac)
                [!provide]                        PROVIDE (r_llc_version_rd_event_send = 0x40044e60)
                [!provide]                        PROVIDE (r_lld_adv_start = 0x40048b38)
                [!provide]                        PROVIDE (r_lld_adv_stop = 0x40048ea0)
                [!provide]                        PROVIDE (r_lld_ch_map_ind = 0x4004a2f4)
                [!provide]                        PROVIDE (r_lld_con_param_req = 0x40049f0c)
                [!provide]                        PROVIDE (r_lld_con_param_rsp = 0x40049e00)
                [!provide]                        PROVIDE (r_lld_con_start = 0x400491f8)
                [!provide]                        PROVIDE (r_lld_con_stop = 0x40049fdc)
                [!provide]                        PROVIDE (r_lld_con_update_after_param_req = 0x40049bcc)
                [!provide]                        PROVIDE (r_lld_con_update_ind = 0x4004a30c)
                [!provide]                        PROVIDE (r_lld_con_update_req = 0x40049b60)
                [!provide]                        PROVIDE (r_lld_core_reset = 0x40048a9c)
                [!provide]                        PROVIDE (r_lld_crypt_isr = 0x4004a324)
                [!provide]                        PROVIDE (r_lld_evt_adv_create = 0x400481f4)
                [!provide]                        PROVIDE (r_lld_evt_canceled = 0x400485c8)
                [!provide]                        PROVIDE (r_lld_evt_channel_next = 0x40046aac)
                [!provide]                        PROVIDE (r_lld_evt_deffered_elt_handler = 0x400482bc)
                [!provide]                        PROVIDE (r_lld_evt_delete_elt_handler = 0x40046974)
                [!provide]                        PROVIDE (r_lld_evt_delete_elt_push = 0x40046a3c)
                [!provide]                        PROVIDE (r_lld_evt_drift_compute = 0x40047670)
                [!provide]                        PROVIDE (r_lld_evt_elt_delete = 0x40047538)
                [!provide]                        PROVIDE (r_lld_evt_elt_insert = 0x400474c8)
                [!provide]                        PROVIDE (r_lld_evt_end = 0x400483e8)
                [!provide]                        PROVIDE (r_lld_evt_end_isr = 0x4004862c)
                [!provide]                        PROVIDE (r_lld_evt_init = 0x40046b3c)
                [!provide]                        PROVIDE (r_lld_evt_init_evt = 0x40046cd0)
                [!provide]                        PROVIDE (r_lld_evt_move_to_master = 0x40047ba0)
                [!provide]                        PROVIDE (r_lld_evt_move_to_slave = 0x40047e18)
                [!provide]                        PROVIDE (r_lld_evt_prevent_stop = 0x40047adc)
                [!provide]                        PROVIDE (r_lld_evt_restart = 0x40046d50)
                [!provide]                        PROVIDE (r_lld_evt_rx = 0x40048578)
                [!provide]                        PROVIDE (r_lld_evt_rx_isr = 0x40048678)
                [!provide]                        PROVIDE (r_lld_evt_scan_create = 0x40047ae8)
                [!provide]                        PROVIDE (r_lld_evt_schedule = 0x40047908)
                [!provide]                        PROVIDE (r_lld_evt_schedule_next = 0x400477dc)
                [!provide]                        PROVIDE (r_lld_evt_schedule_next_instant = 0x400476a8)
                [!provide]                        PROVIDE (r_lld_evt_slave_update = 0x40048138)
                [!provide]                        PROVIDE (r_lld_evt_update_create = 0x40047cd8)
                [!provide]                        PROVIDE (r_lld_get_mode = 0x40049ff8)
                [!provide]                        PROVIDE (r_lld_init = 0x4004873c)
                [!provide]                        PROVIDE (r_lld_move_to_master = 0x400499e0)
                [!provide]                        PROVIDE (r_lld_move_to_slave = 0x4004a024)
                [!provide]                        PROVIDE (r_lld_pdu_adv_pack = 0x4004b488)
                [!provide]                        PROVIDE (r_lld_pdu_check = 0x4004ac34)
                [!provide]                        PROVIDE (r_lld_pdu_data_send = 0x4004b018)
                [!provide]                        PROVIDE (r_lld_pdu_data_tx_push = 0x4004aecc)
                [!provide]                        PROVIDE (r_lld_pdu_rx_handler = 0x4004b4d4)
                [!provide]                        PROVIDE (r_lld_pdu_send_packet = 0x4004b774)
                [!provide]                        PROVIDE (r_lld_pdu_tx_flush = 0x4004b414)
                [!provide]                        PROVIDE (r_lld_pdu_tx_loop = 0x4004ae40)
                [!provide]                        PROVIDE (r_lld_pdu_tx_prog = 0x4004b120)
                [!provide]                        PROVIDE (r_lld_pdu_tx_push = 0x4004b080)
                [!provide]                        PROVIDE (r_lld_ral_renew_req = 0x4004a73c)
                [!provide]                        PROVIDE (r_lld_scan_start = 0x40048ee0)
                [!provide]                        PROVIDE (r_lld_scan_stop = 0x40049190)
                [!provide]                        PROVIDE (r_lld_test_mode_rx = 0x4004a540)
                [!provide]                        PROVIDE (r_lld_test_mode_tx = 0x4004a350)
                [!provide]                        PROVIDE (r_lld_test_stop = 0x4004a710)
                [!provide]                        PROVIDE (r_lld_util_anchor_point_move = 0x4004bacc)
                [!provide]                        PROVIDE (r_lld_util_compute_ce_max = 0x4004bc0c)
                [!provide]                        PROVIDE (r_lld_util_connection_param_set = 0x4004ba40)
                [!provide]                        PROVIDE (r_lld_util_dle_set_cs_fields = 0x4004ba90)
                [!provide]                        PROVIDE (r_lld_util_eff_tx_time_set = 0x4004bd88)
                [!provide]                        PROVIDE (r_lld_util_elt_programmed = 0x4004bce0)
                [!provide]                        PROVIDE (r_lld_util_flush_list = 0x4004bbd8)
                [!provide]                        PROVIDE (r_lld_util_freq2chnl = 0x4004b9e4)
                [!provide]                        PROVIDE (r_lld_util_get_bd_address = 0x4004b8ac)
                [!provide]                        PROVIDE (r_lld_util_get_local_offset = 0x4004ba10)
                [!provide]                        PROVIDE (r_lld_util_get_peer_offset = 0x4004ba24)
                [!provide]                        PROVIDE (r_lld_util_get_tx_pkt_cnt = 0x4004bd80)
                [!provide]                        PROVIDE (r_lld_util_instant_get = 0x4004b890)
                [!provide]                        PROVIDE (r_lld_util_instant_ongoing = 0x4004bbfc)
                [!provide]                        PROVIDE (r_lld_util_priority_set = 0x4004bd10)
                [!provide]                        PROVIDE (r_lld_util_priority_update = 0x4004bd78)
                [!provide]                        PROVIDE (r_lld_util_ral_force_rpa_renew = 0x4004b980)
                [!provide]                        PROVIDE (r_lld_util_set_bd_address = 0x4004b8f8)
                [!provide]                        PROVIDE (r_lld_wlcoex_set = 0x4004bd98)
                [!provide]                        PROVIDE (r_llm_ble_ready = 0x4004cc34)